<?xml version="1.0"?>
<link_info>
   <banner>TI ARM Linker PC v5.2.5</banner>
   <copyright>Copyright (c) 1996-2015 Texas Instruments Incorporated</copyright>
   <link_time>0x56f46d27</link_time>
   <link_errors>0x0</link_errors>
   <output_file>SensorTagStack.out</output_file>
   <entry_point>
      <name>startup_entry</name>
      <address>0xf001</address>
   </entry_point>
   <input_file_list>
      <input_file id="fl-1f">
         <path>D:\SensorTag_Source_2\simplelink\ble_cc26xx_2_01_00_44423\Projects\ble\SensorTag\CC26xx\CCS\SensorTagStack\..\..\IAR\Stack\CC2650\..\..\..\..\..\..\common\BLE_ROM_Releases\04242014\</path>
         <kind>object</kind>
         <file>ble_rom_PATCH.symbols</file>
         <name>ble_rom_PATCH.symbols</name>
      </input_file>
      <input_file id="fl-144">
         <path>C:\ti\ccsv6\tools\compiler\ti-cgt-arm_5.2.5\lib\</path>
         <kind>archive</kind>
         <file>rtsv7M3_T_le_eabi.lib</file>
         <name>autoinit.obj</name>
      </input_file>
      <input_file id="fl-149">
         <path>C:\ti\ccsv6\tools\compiler\ti-cgt-arm_5.2.5\lib\</path>
         <kind>archive</kind>
         <file>rtsv7M3_T_le_eabi.lib</file>
         <name>ll_mul_t2.obj</name>
      </input_file>
      <input_file id="fl-14b">
         <path>C:\ti\ccsv6\tools\compiler\ti-cgt-arm_5.2.5\lib\</path>
         <kind>archive</kind>
         <file>rtsv7M3_T_le_eabi.lib</file>
         <name>memcpy_t2.obj</name>
      </input_file>
      <input_file id="fl-14c">
         <path>C:\ti\ccsv6\tools\compiler\ti-cgt-arm_5.2.5\lib\</path>
         <kind>archive</kind>
         <file>rtsv7M3_T_le_eabi.lib</file>
         <name>memset_t2.obj</name>
      </input_file>
      <input_file id="fl-14e">
         <path>C:\ti\ccsv6\tools\compiler\ti-cgt-arm_5.2.5\lib\</path>
         <kind>archive</kind>
         <file>rtsv7M3_T_le_eabi.lib</file>
         <name>ull_div_t2.obj</name>
      </input_file>
      <input_file id="fl-14f">
         <path>D:\SensorTag_Source_2\simplelink\ble_cc26xx_2_01_00_44423\Projects\ble\SensorTag\CC26xx\CCS\SensorTagStack\..\..\IAR\Stack\CC2650\..\..\Lib\</path>
         <kind>archive</kind>
         <file>CC2650Stack.a</file>
         <name>att_server.o</name>
      </input_file>
      <input_file id="fl-150">
         <path>D:\SensorTag_Source_2\simplelink\ble_cc26xx_2_01_00_44423\Projects\ble\SensorTag\CC26xx\CCS\SensorTagStack\..\..\IAR\Stack\CC2650\..\..\Lib\</path>
         <kind>archive</kind>
         <file>CC2650Stack.a</file>
         <name>att_util.o</name>
      </input_file>
      <input_file id="fl-151">
         <path>D:\SensorTag_Source_2\simplelink\ble_cc26xx_2_01_00_44423\Projects\ble\SensorTag\CC26xx\CCS\SensorTagStack\..\..\IAR\Stack\CC2650\..\..\Lib\</path>
         <kind>archive</kind>
         <file>CC2650Stack.a</file>
         <name>ble_PATCH.o</name>
      </input_file>
      <input_file id="fl-152">
         <path>D:\SensorTag_Source_2\simplelink\ble_cc26xx_2_01_00_44423\Projects\ble\SensorTag\CC26xx\CCS\SensorTagStack\..\..\IAR\Stack\CC2650\..\..\Lib\</path>
         <kind>archive</kind>
         <file>CC2650Stack.a</file>
         <name>gap_configmgr.o</name>
      </input_file>
      <input_file id="fl-153">
         <path>D:\SensorTag_Source_2\simplelink\ble_cc26xx_2_01_00_44423\Projects\ble\SensorTag\CC26xx\CCS\SensorTagStack\..\..\IAR\Stack\CC2650\..\..\Lib\</path>
         <kind>archive</kind>
         <file>CC2650Stack.a</file>
         <name>gap_devmgr.o</name>
      </input_file>
      <input_file id="fl-154">
         <path>D:\SensorTag_Source_2\simplelink\ble_cc26xx_2_01_00_44423\Projects\ble\SensorTag\CC26xx\CCS\SensorTagStack\..\..\IAR\Stack\CC2650\..\..\Lib\</path>
         <kind>archive</kind>
         <file>CC2650Stack.a</file>
         <name>gap_linkmgr.o</name>
      </input_file>
      <input_file id="fl-155">
         <path>D:\SensorTag_Source_2\simplelink\ble_cc26xx_2_01_00_44423\Projects\ble\SensorTag\CC26xx\CCS\SensorTagStack\..\..\IAR\Stack\CC2650\..\..\Lib\</path>
         <kind>archive</kind>
         <file>CC2650Stack.a</file>
         <name>gap_peridevmgr.o</name>
      </input_file>
      <input_file id="fl-156">
         <path>D:\SensorTag_Source_2\simplelink\ble_cc26xx_2_01_00_44423\Projects\ble\SensorTag\CC26xx\CCS\SensorTagStack\..\..\IAR\Stack\CC2650\..\..\Lib\</path>
         <kind>archive</kind>
         <file>CC2650Stack.a</file>
         <name>gap_perilinkmgr.o</name>
      </input_file>
      <input_file id="fl-157">
         <path>D:\SensorTag_Source_2\simplelink\ble_cc26xx_2_01_00_44423\Projects\ble\SensorTag\CC26xx\CCS\SensorTagStack\..\..\IAR\Stack\CC2650\..\..\Lib\</path>
         <kind>archive</kind>
         <file>CC2650Stack.a</file>
         <name>gap_task.o</name>
      </input_file>
      <input_file id="fl-158">
         <path>D:\SensorTag_Source_2\simplelink\ble_cc26xx_2_01_00_44423\Projects\ble\SensorTag\CC26xx\CCS\SensorTagStack\..\..\IAR\Stack\CC2650\..\..\Lib\</path>
         <kind>archive</kind>
         <file>CC2650Stack.a</file>
         <name>gapgattserver.o</name>
      </input_file>
      <input_file id="fl-159">
         <path>D:\SensorTag_Source_2\simplelink\ble_cc26xx_2_01_00_44423\Projects\ble\SensorTag\CC26xx\CCS\SensorTagStack\..\..\IAR\Stack\CC2650\..\..\Lib\</path>
         <kind>archive</kind>
         <file>CC2650Stack.a</file>
         <name>gatt_server.o</name>
      </input_file>
      <input_file id="fl-15a">
         <path>D:\SensorTag_Source_2\simplelink\ble_cc26xx_2_01_00_44423\Projects\ble\SensorTag\CC26xx\CCS\SensorTagStack\..\..\IAR\Stack\CC2650\..\..\Lib\</path>
         <kind>archive</kind>
         <file>CC2650Stack.a</file>
         <name>gatt_task.o</name>
      </input_file>
      <input_file id="fl-15b">
         <path>D:\SensorTag_Source_2\simplelink\ble_cc26xx_2_01_00_44423\Projects\ble\SensorTag\CC26xx\CCS\SensorTagStack\..\..\IAR\Stack\CC2650\..\..\Lib\</path>
         <kind>archive</kind>
         <file>CC2650Stack.a</file>
         <name>gatt_uuid.o</name>
      </input_file>
      <input_file id="fl-15c">
         <path>D:\SensorTag_Source_2\simplelink\ble_cc26xx_2_01_00_44423\Projects\ble\SensorTag\CC26xx\CCS\SensorTagStack\..\..\IAR\Stack\CC2650\..\..\Lib\</path>
         <kind>archive</kind>
         <file>CC2650Stack.a</file>
         <name>gattservapp.o</name>
      </input_file>
      <input_file id="fl-15d">
         <path>D:\SensorTag_Source_2\simplelink\ble_cc26xx_2_01_00_44423\Projects\ble\SensorTag\CC26xx\CCS\SensorTagStack\..\..\IAR\Stack\CC2650\..\..\Lib\</path>
         <kind>archive</kind>
         <file>CC2650Stack.a</file>
         <name>hci_data_PATCH.o</name>
      </input_file>
      <input_file id="fl-15e">
         <path>D:\SensorTag_Source_2\simplelink\ble_cc26xx_2_01_00_44423\Projects\ble\SensorTag\CC26xx\CCS\SensorTagStack\..\..\IAR\Stack\CC2650\..\..\Lib\</path>
         <kind>archive</kind>
         <file>CC2650Stack.a</file>
         <name>hci_event_PATCH.o</name>
      </input_file>
      <input_file id="fl-15f">
         <path>D:\SensorTag_Source_2\simplelink\ble_cc26xx_2_01_00_44423\Projects\ble\SensorTag\CC26xx\CCS\SensorTagStack\..\..\IAR\Stack\CC2650\..\..\Lib\</path>
         <kind>archive</kind>
         <file>CC2650Stack.a</file>
         <name>hci_PATCH.o</name>
      </input_file>
      <input_file id="fl-160">
         <path>D:\SensorTag_Source_2\simplelink\ble_cc26xx_2_01_00_44423\Projects\ble\SensorTag\CC26xx\CCS\SensorTagStack\..\..\IAR\Stack\CC2650\..\..\Lib\</path>
         <kind>archive</kind>
         <file>CC2650Stack.a</file>
         <name>l2cap_if.o</name>
      </input_file>
      <input_file id="fl-161">
         <path>D:\SensorTag_Source_2\simplelink\ble_cc26xx_2_01_00_44423\Projects\ble\SensorTag\CC26xx\CCS\SensorTagStack\..\..\IAR\Stack\CC2650\..\..\Lib\</path>
         <kind>archive</kind>
         <file>CC2650Stack.a</file>
         <name>l2cap_task.o</name>
      </input_file>
      <input_file id="fl-162">
         <path>D:\SensorTag_Source_2\simplelink\ble_cc26xx_2_01_00_44423\Projects\ble\SensorTag\CC26xx\CCS\SensorTagStack\..\..\IAR\Stack\CC2650\..\..\Lib\</path>
         <kind>archive</kind>
         <file>CC2650Stack.a</file>
         <name>l2cap_util.o</name>
      </input_file>
      <input_file id="fl-163">
         <path>D:\SensorTag_Source_2\simplelink\ble_cc26xx_2_01_00_44423\Projects\ble\SensorTag\CC26xx\CCS\SensorTagStack\..\..\IAR\Stack\CC2650\..\..\Lib\</path>
         <kind>archive</kind>
         <file>CC2650Stack.a</file>
         <name>linkdb.o</name>
      </input_file>
      <input_file id="fl-164">
         <path>D:\SensorTag_Source_2\simplelink\ble_cc26xx_2_01_00_44423\Projects\ble\SensorTag\CC26xx\CCS\SensorTagStack\..\..\IAR\Stack\CC2650\..\..\Lib\</path>
         <kind>archive</kind>
         <file>CC2650Stack.a</file>
         <name>ll_advEndCauses_PATCH.o</name>
      </input_file>
      <input_file id="fl-165">
         <path>D:\SensorTag_Source_2\simplelink\ble_cc26xx_2_01_00_44423\Projects\ble\SensorTag\CC26xx\CCS\SensorTagStack\..\..\IAR\Stack\CC2650\..\..\Lib\</path>
         <kind>archive</kind>
         <file>CC2650Stack.a</file>
         <name>ll_common_PATCH.o</name>
      </input_file>
      <input_file id="fl-166">
         <path>D:\SensorTag_Source_2\simplelink\ble_cc26xx_2_01_00_44423\Projects\ble\SensorTag\CC26xx\CCS\SensorTagStack\..\..\IAR\Stack\CC2650\..\..\Lib\</path>
         <kind>archive</kind>
         <file>CC2650Stack.a</file>
         <name>ll_config.o</name>
      </input_file>
      <input_file id="fl-167">
         <path>D:\SensorTag_Source_2\simplelink\ble_cc26xx_2_01_00_44423\Projects\ble\SensorTag\CC26xx\CCS\SensorTagStack\..\..\IAR\Stack\CC2650\..\..\Lib\</path>
         <kind>archive</kind>
         <file>CC2650Stack.a</file>
         <name>ll_isr.o</name>
      </input_file>
      <input_file id="fl-168">
         <path>D:\SensorTag_Source_2\simplelink\ble_cc26xx_2_01_00_44423\Projects\ble\SensorTag\CC26xx\CCS\SensorTagStack\..\..\IAR\Stack\CC2650\..\..\Lib\</path>
         <kind>archive</kind>
         <file>CC2650Stack.a</file>
         <name>ll_PATCH.o</name>
      </input_file>
      <input_file id="fl-169">
         <path>D:\SensorTag_Source_2\simplelink\ble_cc26xx_2_01_00_44423\Projects\ble\SensorTag\CC26xx\CCS\SensorTagStack\..\..\IAR\Stack\CC2650\..\..\Lib\</path>
         <kind>archive</kind>
         <file>CC2650Stack.a</file>
         <name>ll_scheduler_PATCH.o</name>
      </input_file>
      <input_file id="fl-16a">
         <path>D:\SensorTag_Source_2\simplelink\ble_cc26xx_2_01_00_44423\Projects\ble\SensorTag\CC26xx\CCS\SensorTagStack\..\..\IAR\Stack\CC2650\..\..\Lib\</path>
         <kind>archive</kind>
         <file>CC2650Stack.a</file>
         <name>ll_slaveEndCauses_PATCH.o</name>
      </input_file>
      <input_file id="fl-16b">
         <path>D:\SensorTag_Source_2\simplelink\ble_cc26xx_2_01_00_44423\Projects\ble\SensorTag\CC26xx\CCS\SensorTagStack\..\..\IAR\Stack\CC2650\..\..\Lib\</path>
         <kind>archive</kind>
         <file>CC2650Stack.a</file>
         <name>ll_sleep.o</name>
      </input_file>
      <input_file id="fl-16c">
         <path>D:\SensorTag_Source_2\simplelink\ble_cc26xx_2_01_00_44423\Projects\ble\SensorTag\CC26xx\CCS\SensorTagStack\..\..\IAR\Stack\CC2650\..\..\Lib\</path>
         <kind>archive</kind>
         <file>CC2650Stack.a</file>
         <name>sm_mgr.o</name>
      </input_file>
      <input_file id="fl-16d">
         <path>D:\SensorTag_Source_2\simplelink\ble_cc26xx_2_01_00_44423\Projects\ble\SensorTag\CC26xx\CCS\SensorTagStack\..\..\IAR\Stack\CC2650\..\..\Lib\</path>
         <kind>archive</kind>
         <file>CC2650Stack.a</file>
         <name>sm_pairing.o</name>
      </input_file>
      <input_file id="fl-16e">
         <path>D:\SensorTag_Source_2\simplelink\ble_cc26xx_2_01_00_44423\Projects\ble\SensorTag\CC26xx\CCS\SensorTagStack\..\..\IAR\Stack\CC2650\..\..\Lib\</path>
         <kind>archive</kind>
         <file>CC2650Stack.a</file>
         <name>sm_rsppairing.o</name>
      </input_file>
      <input_file id="fl-16f">
         <path>D:\SensorTag_Source_2\simplelink\ble_cc26xx_2_01_00_44423\Projects\ble\SensorTag\CC26xx\CCS\SensorTagStack\..\..\IAR\Stack\CC2650\..\..\Lib\</path>
         <kind>archive</kind>
         <file>CC2650Stack.a</file>
         <name>sm_task.o</name>
      </input_file>
      <input_file id="fl-170">
         <path>D:\SensorTag_Source_2\simplelink\ble_cc26xx_2_01_00_44423\Projects\ble\SensorTag\CC26xx\CCS\SensorTagStack\..\..\IAR\Stack\CC2650\..\..\Lib\</path>
         <kind>archive</kind>
         <file>CC2650Stack.a</file>
         <name>smp.o</name>
      </input_file>
      <input_file id="fl-171">
         <path>D:\SensorTag_Source_2\simplelink\ble_cc26xx_2_01_00_44423\Projects\ble\SensorTag\CC26xx\CCS\SensorTagStack\..\..\IAR\Stack\CC2650\..\..\Lib\</path>
         <kind>archive</kind>
         <file>CC2650Stack_HCI_TL.a</file>
         <name>hci_tl.o</name>
      </input_file>
      <input_file id="fl-172">
         <path>C:\ti\tirtos_simplelink_2_13_00_06\products\cc26xxware_2_21_01_15600\driverlib\bin\ccs\</path>
         <kind>archive</kind>
         <file>driverlib.lib</file>
         <name>cpu.obj</name>
      </input_file>
      <input_file id="fl-176">
         <path>C:\Users\Admin\AppData\Local\Temp\</path>
         <kind>object</kind>
         <file>183282</file>
         <name>183282</name>
      </input_file>
   </input_file_list>
   <object_component_list>
      <object_component id="oc-2ac">
         <name>.text</name>
         <load_address>0xf02c</load_address>
         <run_address>0xf02c</run_address>
         <size>0x10c0</size>
         <input_file_ref idref="fl-165"/>
      </object_component>
      <object_component id="oc-1b7">
         <name>.text</name>
         <load_address>0x100ec</load_address>
         <run_address>0x100ec</run_address>
         <size>0x1030</size>
         <input_file_ref idref="fl-15c"/>
      </object_component>
      <object_component id="oc-158">
         <name>.text</name>
         <load_address>0x1111c</load_address>
         <run_address>0x1111c</run_address>
         <size>0xfc0</size>
         <input_file_ref idref="fl-168"/>
      </object_component>
      <object_component id="oc-32a">
         <name>.text</name>
         <load_address>0x120dc</load_address>
         <run_address>0x120dc</run_address>
         <size>0xed4</size>
         <input_file_ref idref="fl-162"/>
      </object_component>
      <object_component id="oc-40e">
         <name>.text</name>
         <load_address>0x12fb0</load_address>
         <run_address>0x12fb0</run_address>
         <size>0xa4c</size>
         <input_file_ref idref="fl-159"/>
      </object_component>
      <object_component id="oc-2e3">
         <name>.text</name>
         <load_address>0x139fc</load_address>
         <run_address>0x139fc</run_address>
         <size>0x93e</size>
         <input_file_ref idref="fl-16a"/>
      </object_component>
      <object_component id="oc-213">
         <name>.text</name>
         <load_address>0x1433a</load_address>
         <run_address>0x1433a</run_address>
         <size>0x2</size>
         <input_file_ref idref="fl-1b"/>
      </object_component>
      <object_component id="oc-3cb">
         <name>.text</name>
         <load_address>0x1433c</load_address>
         <run_address>0x1433c</run_address>
         <size>0x8dc</size>
         <input_file_ref idref="fl-154"/>
      </object_component>
      <object_component id="oc-1e3">
         <name>.text</name>
         <load_address>0x14c18</load_address>
         <run_address>0x14c18</run_address>
         <size>0x8dc</size>
         <input_file_ref idref="fl-16"/>
      </object_component>
      <object_component id="oc-152">
         <name>.text</name>
         <load_address>0x154f4</load_address>
         <run_address>0x154f4</run_address>
         <size>0x794</size>
         <input_file_ref idref="fl-d"/>
      </object_component>
      <object_component id="oc-3ed">
         <name>.text</name>
         <load_address>0x15c88</load_address>
         <run_address>0x15c88</run_address>
         <size>0x75c</size>
         <input_file_ref idref="fl-16d"/>
      </object_component>
      <object_component id="oc-3a8">
         <name>.text</name>
         <load_address>0x163e4</load_address>
         <run_address>0x163e4</run_address>
         <size>0x708</size>
         <input_file_ref idref="fl-16c"/>
      </object_component>
      <object_component id="oc-247">
         <name>.text</name>
         <load_address>0x16aec</load_address>
         <run_address>0x16aec</run_address>
         <size>0x6d4</size>
         <input_file_ref idref="fl-16b"/>
      </object_component>
      <object_component id="oc-4b3">
         <name>.text</name>
         <load_address>0x171c0</load_address>
         <run_address>0x171c0</run_address>
         <size>0x69c</size>
         <input_file_ref idref="fl-155"/>
      </object_component>
      <object_component id="oc-506">
         <name>.text</name>
         <load_address>0x1785c</load_address>
         <run_address>0x1785c</run_address>
         <size>0x618</size>
         <input_file_ref idref="fl-166"/>
      </object_component>
      <object_component id="oc-437">
         <name>.text</name>
         <load_address>0x17e74</load_address>
         <run_address>0x17e74</run_address>
         <size>0x5b0</size>
         <input_file_ref idref="fl-150"/>
      </object_component>
      <object_component id="oc-2dd">
         <name>.text</name>
         <load_address>0x18424</load_address>
         <run_address>0x18424</run_address>
         <size>0x57e</size>
         <input_file_ref idref="fl-151"/>
      </object_component>
      <object_component id="oc-54b">
         <name>.text</name>
         <load_address>0x189a4</load_address>
         <run_address>0x189a4</run_address>
         <size>0x558</size>
         <input_file_ref idref="fl-16e"/>
      </object_component>
      <object_component id="oc-18e">
         <name>.text</name>
         <load_address>0x18efc</load_address>
         <run_address>0x18efc</run_address>
         <size>0x530</size>
         <input_file_ref idref="fl-161"/>
      </object_component>
      <object_component id="oc-2ed">
         <name>.text</name>
         <load_address>0x1942c</load_address>
         <run_address>0x1942c</run_address>
         <size>0x4b0</size>
         <input_file_ref idref="fl-167"/>
      </object_component>
      <object_component id="oc-2a6">
         <name>.text</name>
         <load_address>0x198dc</load_address>
         <run_address>0x198dc</run_address>
         <size>0x42e</size>
         <input_file_ref idref="fl-164"/>
      </object_component>
      <object_component id="oc-372">
         <name>.text</name>
         <load_address>0x19d0c</load_address>
         <run_address>0x19d0c</run_address>
         <size>0x3fc</size>
         <input_file_ref idref="fl-160"/>
      </object_component>
      <object_component id="oc-28c">
         <name>.text</name>
         <load_address>0x1a108</load_address>
         <run_address>0x1a108</run_address>
         <size>0x3dc</size>
         <input_file_ref idref="fl-15e"/>
      </object_component>
      <object_component id="oc-521">
         <name>.text</name>
         <load_address>0x1a4e4</load_address>
         <run_address>0x1a4e4</run_address>
         <size>0x39a</size>
         <input_file_ref idref="fl-170"/>
      </object_component>
      <object_component id="oc-273">
         <name>.text</name>
         <load_address>0x1a880</load_address>
         <run_address>0x1a880</run_address>
         <size>0x37c</size>
         <input_file_ref idref="fl-15f"/>
      </object_component>
      <object_component id="oc-219">
         <name>.text</name>
         <load_address>0x1abfc</load_address>
         <run_address>0x1abfc</run_address>
         <size>0x36c</size>
         <input_file_ref idref="fl-17"/>
      </object_component>
      <object_component id="oc-394">
         <name>.text</name>
         <load_address>0x1af68</load_address>
         <run_address>0x1af68</run_address>
         <size>0x358</size>
         <input_file_ref idref="fl-152"/>
      </object_component>
      <object_component id="oc-607">
         <name>.tramp.HCI_LE_SetRandomAddressCmd.1</name>
         <load_address>0x1b2c0</load_address>
         <run_address>0x1b2c0</run_address>
         <size>0x8</size>
         <input_file_ref idref="fl-1f"/>
      </object_component>
      <object_component id="oc-4a1">
         <name>.text</name>
         <load_address>0x1b2c8</load_address>
         <run_address>0x1b2c8</run_address>
         <size>0x308</size>
         <input_file_ref idref="fl-158"/>
      </object_component>
      <object_component id="oc-1a5">
         <name>.text</name>
         <load_address>0x1b5d0</load_address>
         <run_address>0x1b5d0</run_address>
         <size>0x2fc</size>
         <input_file_ref idref="fl-15a"/>
      </object_component>
      <object_component id="oc-319">
         <name>.text</name>
         <load_address>0x1b8cc</load_address>
         <run_address>0x1b8cc</run_address>
         <size>0x294</size>
         <input_file_ref idref="fl-163"/>
      </object_component>
      <object_component id="oc-198">
         <name>.text</name>
         <load_address>0x1bb60</load_address>
         <run_address>0x1bb60</run_address>
         <size>0x28c</size>
         <input_file_ref idref="fl-157"/>
      </object_component>
      <object_component id="oc-229">
         <name>.text</name>
         <load_address>0x1bdec</load_address>
         <run_address>0x1bdec</run_address>
         <size>0x248</size>
         <input_file_ref idref="fl-11"/>
      </object_component>
      <object_component id="oc-188">
         <name>.text</name>
         <load_address>0x1c034</load_address>
         <run_address>0x1c034</run_address>
         <size>0x1f8</size>
         <input_file_ref idref="fl-13"/>
      </object_component>
      <object_component id="oc-2f7">
         <name>.text</name>
         <load_address>0x1c22c</load_address>
         <run_address>0x1c22c</run_address>
         <size>0x1f4</size>
         <input_file_ref idref="fl-14e"/>
      </object_component>
      <object_component id="oc-47a">
         <name>.text</name>
         <load_address>0x1c420</load_address>
         <run_address>0x1c420</run_address>
         <size>0x1ec</size>
         <input_file_ref idref="fl-14f"/>
      </object_component>
      <object_component id="oc-49f">
         <name>.text</name>
         <load_address>0x1c60c</load_address>
         <run_address>0x1c60c</run_address>
         <size>0x13e</size>
         <input_file_ref idref="fl-15b"/>
      </object_component>
      <object_component id="oc-29e">
         <name>.text</name>
         <load_address>0x1c74c</load_address>
         <run_address>0x1c74c</run_address>
         <size>0x138</size>
         <input_file_ref idref="fl-169"/>
      </object_component>
      <object_component id="oc-4ce">
         <name>.text</name>
         <load_address>0x1c884</load_address>
         <run_address>0x1c884</run_address>
         <size>0x10c</size>
         <input_file_ref idref="fl-156"/>
      </object_component>
      <object_component id="oc-59">
         <name>.text</name>
         <load_address>0x1c990</load_address>
         <run_address>0x1c990</run_address>
         <size>0x108</size>
         <input_file_ref idref="fl-7"/>
      </object_component>
      <object_component id="oc-1a1">
         <name>.text</name>
         <load_address>0x1ca98</load_address>
         <run_address>0x1ca98</run_address>
         <size>0x104</size>
         <input_file_ref idref="fl-16f"/>
      </object_component>
      <object_component id="oc-494">
         <name>.text</name>
         <load_address>0x1cb9c</load_address>
         <run_address>0x1cb9c</run_address>
         <size>0xd8</size>
         <input_file_ref idref="fl-c"/>
      </object_component>
      <object_component id="oc-20d">
         <name>.text</name>
         <load_address>0x1cc74</load_address>
         <run_address>0x1cc74</run_address>
         <size>0xc8</size>
         <input_file_ref idref="fl-12"/>
      </object_component>
      <object_component id="oc-29c">
         <name>.text</name>
         <load_address>0x1cd3c</load_address>
         <run_address>0x1cd3c</run_address>
         <size>0xa8</size>
         <input_file_ref idref="fl-15d"/>
      </object_component>
      <object_component id="oc-608">
         <name>.tramp.LL_CtrlToHostFlowControl.1</name>
         <load_address>0x1cde4</load_address>
         <run_address>0x1cde4</run_address>
         <size>0x8</size>
         <input_file_ref idref="fl-1f"/>
      </object_component>
      <object_component id="oc-180">
         <name>.text</name>
         <load_address>0x1cdec</load_address>
         <run_address>0x1cdec</run_address>
         <size>0xa8</size>
         <input_file_ref idref="fl-171"/>
      </object_component>
      <object_component id="oc-2c">
         <name>.text</name>
         <load_address>0x1ce94</load_address>
         <run_address>0x1ce94</run_address>
         <size>0x9c</size>
         <input_file_ref idref="fl-14b"/>
      </object_component>
      <object_component id="oc-223">
         <name>.text</name>
         <load_address>0x1cf30</load_address>
         <run_address>0x1cf30</run_address>
         <size>0x90</size>
         <input_file_ref idref="fl-10"/>
      </object_component>
      <object_component id="oc-38d">
         <name>.text</name>
         <load_address>0x1cfc0</load_address>
         <run_address>0x1cfc0</run_address>
         <size>0x82</size>
         <input_file_ref idref="fl-153"/>
      </object_component>
      <object_component id="oc-41">
         <name>.text</name>
         <load_address>0x1d042</load_address>
         <run_address>0x1d042</run_address>
         <size>0x7a</size>
         <input_file_ref idref="fl-14c"/>
      </object_component>
      <object_component id="oc-23b">
         <name>.text:NOROM_IntDisable</name>
         <load_address>0x1d0bc</load_address>
         <run_address>0x1d0bc</run_address>
         <size>0x78</size>
         <input_file_ref idref="fl-174"/>
      </object_component>
      <object_component id="oc-235">
         <name>.text:NOROM_IntEnable</name>
         <load_address>0x1d134</load_address>
         <run_address>0x1d134</run_address>
         <size>0x78</size>
         <input_file_ref idref="fl-174"/>
      </object_component>
      <object_component id="oc-47">
         <name>.text</name>
         <load_address>0x1d1ac</load_address>
         <run_address>0x1d1ac</run_address>
         <size>0x6c</size>
         <input_file_ref idref="fl-144"/>
      </object_component>
      <object_component id="oc-3a">
         <name>.text</name>
         <load_address>0x1d218</load_address>
         <run_address>0x1d218</run_address>
         <size>0x6a</size>
         <input_file_ref idref="fl-146"/>
      </object_component>
      <object_component id="oc-301">
         <name>.text</name>
         <load_address>0x1d284</load_address>
         <run_address>0x1d284</run_address>
         <size>0x68</size>
         <input_file_ref idref="fl-e"/>
      </object_component>
      <object_component id="oc-53">
         <name>.text</name>
         <load_address>0x1d2ec</load_address>
         <run_address>0x1d2ec</run_address>
         <size>0x68</size>
         <input_file_ref idref="fl-8"/>
      </object_component>
      <object_component id="oc-241">
         <name>.text</name>
         <load_address>0x1d354</load_address>
         <run_address>0x1d354</run_address>
         <size>0x64</size>
         <input_file_ref idref="fl-1a"/>
      </object_component>
      <object_component id="oc-1e9">
         <name>.text</name>
         <load_address>0x1d3b8</load_address>
         <run_address>0x1d3b8</run_address>
         <size>0x54</size>
         <input_file_ref idref="fl-9"/>
      </object_component>
      <object_component id="oc-12b">
         <name>.text</name>
         <load_address>0x1d40c</load_address>
         <run_address>0x1d40c</run_address>
         <size>0x4c</size>
         <input_file_ref idref="fl-148"/>
      </object_component>
      <object_component id="oc-14c">
         <name>.text</name>
         <load_address>0x1d458</load_address>
         <run_address>0x1d458</run_address>
         <size>0x48</size>
         <input_file_ref idref="fl-f"/>
      </object_component>
      <object_component id="oc-4d6">
         <name>.text</name>
         <load_address>0x1d4a0</load_address>
         <run_address>0x1d4a0</run_address>
         <size>0x3e</size>
         <input_file_ref idref="fl-a"/>
      </object_component>
      <object_component id="oc-4d">
         <name>.text</name>
         <load_address>0x1d4e0</load_address>
         <run_address>0x1d4e0</run_address>
         <size>0x30</size>
         <input_file_ref idref="fl-5"/>
      </object_component>
      <object_component id="oc-4fb">
         <name>.text:NOROM_TRNGConfigure</name>
         <load_address>0x1d510</load_address>
         <run_address>0x1d510</run_address>
         <size>0x26</size>
         <input_file_ref idref="fl-175"/>
      </object_component>
      <object_component id="oc-2fc">
         <name>.text</name>
         <load_address>0x1d536</load_address>
         <run_address>0x1d536</run_address>
         <size>0x18</size>
         <input_file_ref idref="fl-149"/>
      </object_component>
      <object_component id="oc-307">
         <name>.text</name>
         <load_address>0x1d54e</load_address>
         <run_address>0x1d54e</run_address>
         <size>0x14</size>
         <input_file_ref idref="fl-14d"/>
      </object_component>
      <object_component id="oc-22f">
         <name>.text</name>
         <load_address>0x1d562</load_address>
         <run_address>0x1d562</run_address>
         <size>0x12</size>
         <input_file_ref idref="fl-4"/>
      </object_component>
      <object_component id="oc-609">
         <name>.tramp.LL_PseudoRand.1</name>
         <load_address>0x1d574</load_address>
         <run_address>0x1d574</run_address>
         <size>0x8</size>
         <input_file_ref idref="fl-1f"/>
      </object_component>
      <object_component id="oc-14">
         <name>.text:decompress:none</name>
         <load_address>0x1d57c</load_address>
         <run_address>0x1d57c</run_address>
         <size>0xe</size>
         <input_file_ref idref="fl-145"/>
      </object_component>
      <object_component id="oc-13c">
         <name>.text:NOROM_CPUcpsid</name>
         <load_address>0x1d58a</load_address>
         <run_address>0x1d58a</run_address>
         <size>0xc</size>
         <input_file_ref idref="fl-172"/>
      </object_component>
      <object_component id="oc-142">
         <name>.text:NOROM_CPUcpsie</name>
         <load_address>0x1d596</load_address>
         <run_address>0x1d596</run_address>
         <size>0xc</size>
         <input_file_ref idref="fl-172"/>
      </object_component>
      <object_component id="oc-20">
         <name>.text:decompress:ZI</name>
         <load_address>0x1d5a2</load_address>
         <run_address>0x1d5a2</run_address>
         <size>0xc</size>
         <input_file_ref idref="fl-147"/>
      </object_component>
      <object_component id="oc-4ad">
         <name>.text</name>
         <load_address>0x1d5ae</load_address>
         <run_address>0x1d5ae</run_address>
         <size>0xa</size>
         <input_file_ref idref="fl-14"/>
      </object_component>
      <object_component id="oc-1a">
         <name>.text:decompress:rle24</name>
         <load_address>0x1d5b8</load_address>
         <run_address>0x1d5b8</run_address>
         <size>0x6</size>
         <input_file_ref idref="fl-146"/>
      </object_component>
      <object_component id="oc-606">
         <name>.tramp.LL_ReadLocalVersionInfo.1</name>
         <load_address>0x1d5c0</load_address>
         <run_address>0x1d5c0</run_address>
         <size>0x8</size>
         <input_file_ref idref="fl-1f"/>
      </object_component>
      <object_component id="oc-605">
         <name>.tramp.LL_EXT_ResetSystem.1</name>
         <load_address>0x1d5c8</load_address>
         <run_address>0x1d5c8</run_address>
         <size>0x8</size>
         <input_file_ref idref="fl-1f"/>
      </object_component>
      <object_component id="oc-604">
         <name>.tramp.HCI_CommandStatusEvent.1</name>
         <load_address>0x1d5d0</load_address>
         <run_address>0x1d5d0</run_address>
         <size>0x8</size>
         <input_file_ref idref="fl-1f"/>
      </object_component>
      <object_component id="oc-603">
         <name>.tramp.HCI_CommandCompleteEvent.1</name>
         <load_address>0x1d5d8</load_address>
         <run_address>0x1d5d8</run_address>
         <size>0x8</size>
         <input_file_ref idref="fl-1f"/>
      </object_component>
      <object_component id="oc-602">
         <name>.tramp.HCI_SendCommandCompleteEvent.1</name>
         <load_address>0x1d5e0</load_address>
         <run_address>0x1d5e0</run_address>
         <size>0x8</size>
         <input_file_ref idref="fl-1f"/>
      </object_component>
      <object_component id="oc-601">
         <name>.tramp.HCI_HostNumCompletedPktCmd.1</name>
         <load_address>0x1d5e8</load_address>
         <run_address>0x1d5e8</run_address>
         <size>0x8</size>
         <input_file_ref idref="fl-1f"/>
      </object_component>
      <object_component id="oc-600">
         <name>.tramp.HCI_HostBufferSizeCmd.1</name>
         <load_address>0x1d5f0</load_address>
         <run_address>0x1d5f0</run_address>
         <size>0x8</size>
         <input_file_ref idref="fl-1f"/>
      </object_component>
      <object_component id="oc-5ff">
         <name>.tramp.HCI_SetControllerToHostFlowCtrlCmd.1</name>
         <load_address>0x1d5f8</load_address>
         <run_address>0x1d5f8</run_address>
         <size>0x8</size>
         <input_file_ref idref="fl-1f"/>
      </object_component>
      <object_component id="oc-5fe">
         <name>.tramp.llCalcScaFactor.1</name>
         <load_address>0x1d600</load_address>
         <run_address>0x1d600</run_address>
         <size>0x8</size>
         <input_file_ref idref="fl-1f"/>
      </object_component>
      <object_component id="oc-5fd">
         <name>.tramp.LL_ENC_Decrypt.1</name>
         <load_address>0x1d608</load_address>
         <run_address>0x1d608</run_address>
         <size>0x8</size>
         <input_file_ref idref="fl-1f"/>
      </object_component>
      <object_component id="oc-5fc">
         <name>.tramp.HCI_LE_LtkReqNegReplyCmd.1</name>
         <load_address>0x1d610</load_address>
         <run_address>0x1d610</run_address>
         <size>0x8</size>
         <input_file_ref idref="fl-1f"/>
      </object_component>
      <object_component id="oc-5fb">
         <name>.tramp.HCI_LE_LtkReqReplyCmd.1</name>
         <load_address>0x1d618</load_address>
         <run_address>0x1d618</run_address>
         <size>0x8</size>
         <input_file_ref idref="fl-1f"/>
      </object_component>
      <object_component id="oc-5fa">
         <name>.tramp.llGetNumTxDataEntries.1</name>
         <load_address>0x1d620</load_address>
         <run_address>0x1d620</run_address>
         <size>0x8</size>
         <input_file_ref idref="fl-1f"/>
      </object_component>
      <object_component id="oc-5f9">
         <name>.tramp.LL_ENC_GenDeviceIV.1</name>
         <load_address>0x1d628</load_address>
         <run_address>0x1d628</run_address>
         <size>0x8</size>
         <input_file_ref idref="fl-1f"/>
      </object_component>
      <object_component id="oc-5f8">
         <name>.tramp.LL_ENC_GenDeviceSKD.1</name>
         <load_address>0x1d630</load_address>
         <run_address>0x1d630</run_address>
         <size>0x8</size>
         <input_file_ref idref="fl-1f"/>
      </object_component>
      <object_component id="oc-5f7">
         <name>.tramp.LL_ENC_ReverseBytes.1</name>
         <load_address>0x1d638</load_address>
         <run_address>0x1d638</run_address>
         <size>0x8</size>
         <input_file_ref idref="fl-1f"/>
      </object_component>
      <object_component id="oc-5f6">
         <name>.tramp.llMemCopySrc.1</name>
         <load_address>0x1d640</load_address>
         <run_address>0x1d640</run_address>
         <size>0x8</size>
         <input_file_ref idref="fl-1f"/>
      </object_component>
      <object_component id="oc-5f5">
         <name>.tramp.HCI_LE_SetAdvParamCmd.1</name>
         <load_address>0x1d648</load_address>
         <run_address>0x1d648</run_address>
         <size>0x8</size>
         <input_file_ref idref="fl-1f"/>
      </object_component>
      <object_component id="oc-5f4">
         <name>.tramp.HCI_LE_SetAdvEnableCmd.1</name>
         <load_address>0x1d650</load_address>
         <run_address>0x1d650</run_address>
         <size>0x8</size>
         <input_file_ref idref="fl-1f"/>
      </object_component>
      <object_component id="oc-5f3">
         <name>.tramp.HCI_LE_SetScanRspDataCmd.1</name>
         <load_address>0x1d658</load_address>
         <run_address>0x1d658</run_address>
         <size>0x8</size>
         <input_file_ref idref="fl-1f"/>
      </object_component>
      <object_component id="oc-5f2">
         <name>.tramp.HCI_LE_SetAdvDataCmd.1</name>
         <load_address>0x1d660</load_address>
         <run_address>0x1d660</run_address>
         <size>0x8</size>
         <input_file_ref idref="fl-1f"/>
      </object_component>
      <object_component id="oc-5f1">
         <name>.tramp.llPatchCM0.1</name>
         <load_address>0x1d668</load_address>
         <run_address>0x1d668</run_address>
         <size>0x8</size>
         <input_file_ref idref="fl-1f"/>
      </object_component>
      <object_component id="oc-5f0">
         <name>.tramp.LL_Encrypt.1</name>
         <load_address>0x1d670</load_address>
         <run_address>0x1d670</run_address>
         <size>0x8</size>
         <input_file_ref idref="fl-1f"/>
      </object_component>
      <object_component id="oc-5ef">
         <name>.tramp.HCI_LE_RandCmd.1</name>
         <load_address>0x1d678</load_address>
         <run_address>0x1d678</run_address>
         <size>0x8</size>
         <input_file_ref idref="fl-1f"/>
      </object_component>
      <object_component id="oc-5ee">
         <name>.tramp.HCI_ReadRemoteVersionInfoCmd.1</name>
         <load_address>0x1d680</load_address>
         <run_address>0x1d680</run_address>
         <size>0x8</size>
         <input_file_ref idref="fl-1f"/>
      </object_component>
      <object_component id="oc-5ed">
         <name>.tramp.HCI_SetEventMaskCmd.1</name>
         <load_address>0x1d688</load_address>
         <run_address>0x1d688</run_address>
         <size>0x8</size>
         <input_file_ref idref="fl-1f"/>
      </object_component>
      <object_component id="oc-5ec">
         <name>.tramp.HCI_ReadTransmitPowerLevelCmd.1</name>
         <load_address>0x1d690</load_address>
         <run_address>0x1d690</run_address>
         <size>0x8</size>
         <input_file_ref idref="fl-1f"/>
      </object_component>
      <object_component id="oc-5eb">
         <name>.tramp.HCI_ReadLocalSupportedFeaturesCmd.1</name>
         <load_address>0x1d698</load_address>
         <run_address>0x1d698</run_address>
         <size>0x8</size>
         <input_file_ref idref="fl-1f"/>
      </object_component>
      <object_component id="oc-5ea">
         <name>.tramp.HCI_ReadBDADDRCmd.1</name>
         <load_address>0x1d6a0</load_address>
         <run_address>0x1d6a0</run_address>
         <size>0x8</size>
         <input_file_ref idref="fl-1f"/>
      </object_component>
      <object_component id="oc-5e9">
         <name>.tramp.HCI_ReadRssiCmd.1</name>
         <load_address>0x1d6a8</load_address>
         <run_address>0x1d6a8</run_address>
         <size>0x8</size>
         <input_file_ref idref="fl-1f"/>
      </object_component>
      <object_component id="oc-5e8">
         <name>.tramp.HCI_LE_ReadLocalSupportedFeaturesCmd.1</name>
         <load_address>0x1d6b0</load_address>
         <run_address>0x1d6b0</run_address>
         <size>0x8</size>
         <input_file_ref idref="fl-1f"/>
      </object_component>
      <object_component id="oc-5e7">
         <name>.tramp.HCI_LE_ReadAdvChanTxPowerCmd.1</name>
         <load_address>0x1d6b8</load_address>
         <run_address>0x1d6b8</run_address>
         <size>0x8</size>
         <input_file_ref idref="fl-1f"/>
      </object_component>
      <object_component id="oc-5e6">
         <name>.tramp.HCI_LE_ReadWhiteListSizeCmd.1</name>
         <load_address>0x1d6c0</load_address>
         <run_address>0x1d6c0</run_address>
         <size>0x8</size>
         <input_file_ref idref="fl-1f"/>
      </object_component>
      <object_component id="oc-5e5">
         <name>.tramp.HCI_LE_ClearWhiteListCmd.1</name>
         <load_address>0x1d6c8</load_address>
         <run_address>0x1d6c8</run_address>
         <size>0x8</size>
         <input_file_ref idref="fl-1f"/>
      </object_component>
      <object_component id="oc-5e4">
         <name>.tramp.HCI_LE_AddWhiteListCmd.1</name>
         <load_address>0x1d6d0</load_address>
         <run_address>0x1d6d0</run_address>
         <size>0x8</size>
         <input_file_ref idref="fl-1f"/>
      </object_component>
      <object_component id="oc-5e3">
         <name>.tramp.HCI_LE_RemoveWhiteListCmd.1</name>
         <load_address>0x1d6d8</load_address>
         <run_address>0x1d6d8</run_address>
         <size>0x8</size>
         <input_file_ref idref="fl-1f"/>
      </object_component>
      <object_component id="oc-5e2">
         <name>.tramp.HCI_LE_ReadChannelMapCmd.1</name>
         <load_address>0x1d6e0</load_address>
         <run_address>0x1d6e0</run_address>
         <size>0x8</size>
         <input_file_ref idref="fl-1f"/>
      </object_component>
      <object_component id="oc-5e1">
         <name>.tramp.HCI_LE_EncryptCmd.1</name>
         <load_address>0x1d6e8</load_address>
         <run_address>0x1d6e8</run_address>
         <size>0x8</size>
         <input_file_ref idref="fl-1f"/>
      </object_component>
      <object_component id="oc-5e0">
         <name>.tramp.HCI_LE_ReadSupportedStatesCmd.1</name>
         <load_address>0x1d6f0</load_address>
         <run_address>0x1d6f0</run_address>
         <size>0x8</size>
         <input_file_ref idref="fl-1f"/>
      </object_component>
      <object_component id="oc-5df">
         <name>.tramp.HCI_LE_TestEndCmd.1</name>
         <load_address>0x1d6f8</load_address>
         <run_address>0x1d6f8</run_address>
         <size>0x8</size>
         <input_file_ref idref="fl-1f"/>
      </object_component>
      <object_component id="oc-5de">
         <name>.tramp.HCI_EXT_SetTxPowerCmd.1</name>
         <load_address>0x1d700</load_address>
         <run_address>0x1d700</run_address>
         <size>0x8</size>
         <input_file_ref idref="fl-1f"/>
      </object_component>
      <object_component id="oc-5dd">
         <name>.tramp.HCI_EXT_OnePktPerEvtCmd.1</name>
         <load_address>0x1d708</load_address>
         <run_address>0x1d708</run_address>
         <size>0x8</size>
         <input_file_ref idref="fl-1f"/>
      </object_component>
      <object_component id="oc-5dc">
         <name>.tramp.HCI_EXT_DecryptCmd.1</name>
         <load_address>0x1d710</load_address>
         <run_address>0x1d710</run_address>
         <size>0x8</size>
         <input_file_ref idref="fl-1f"/>
      </object_component>
      <object_component id="oc-5db">
         <name>.tramp.HCI_EXT_SetLocalSupportedFeaturesCmd.1</name>
         <load_address>0x1d718</load_address>
         <run_address>0x1d718</run_address>
         <size>0x8</size>
         <input_file_ref idref="fl-1f"/>
      </object_component>
      <object_component id="oc-5da">
         <name>.tramp.HCI_EXT_SetFastTxResponseTimeCmd.1</name>
         <load_address>0x1d720</load_address>
         <run_address>0x1d720</run_address>
         <size>0x8</size>
         <input_file_ref idref="fl-1f"/>
      </object_component>
      <object_component id="oc-5d9">
         <name>.tramp.HCI_EXT_ModemTestTxCmd.1</name>
         <load_address>0x1d728</load_address>
         <run_address>0x1d728</run_address>
         <size>0x8</size>
         <input_file_ref idref="fl-1f"/>
      </object_component>
      <object_component id="oc-5d8">
         <name>.tramp.HCI_EXT_ModemHopTestTxCmd.1</name>
         <load_address>0x1d730</load_address>
         <run_address>0x1d730</run_address>
         <size>0x8</size>
         <input_file_ref idref="fl-1f"/>
      </object_component>
      <object_component id="oc-5d7">
         <name>.tramp.HCI_EXT_ModemTestRxCmd.1</name>
         <load_address>0x1d738</load_address>
         <run_address>0x1d738</run_address>
         <size>0x8</size>
         <input_file_ref idref="fl-1f"/>
      </object_component>
      <object_component id="oc-5d6">
         <name>.tramp.HCI_EXT_EndModemTestCmd.1</name>
         <load_address>0x1d740</load_address>
         <run_address>0x1d740</run_address>
         <size>0x8</size>
         <input_file_ref idref="fl-1f"/>
      </object_component>
      <object_component id="oc-5d5">
         <name>.tramp.HCI_EXT_SetBDADDRCmd.1</name>
         <load_address>0x1d748</load_address>
         <run_address>0x1d748</run_address>
         <size>0x8</size>
         <input_file_ref idref="fl-1f"/>
      </object_component>
      <object_component id="oc-5d4">
         <name>.tramp.HCI_EXT_SetSCACmd.1</name>
         <load_address>0x1d750</load_address>
         <run_address>0x1d750</run_address>
         <size>0x8</size>
         <input_file_ref idref="fl-1f"/>
      </object_component>
      <object_component id="oc-5d3">
         <name>.tramp.HCI_EXT_EnablePTMCmd.1</name>
         <load_address>0x1d758</load_address>
         <run_address>0x1d758</run_address>
         <size>0x8</size>
         <input_file_ref idref="fl-1f"/>
      </object_component>
      <object_component id="oc-5d2">
         <name>.tramp.HCI_EXT_SetMaxDtmTxPowerCmd.1</name>
         <load_address>0x1d760</load_address>
         <run_address>0x1d760</run_address>
         <size>0x8</size>
         <input_file_ref idref="fl-1f"/>
      </object_component>
      <object_component id="oc-5d1">
         <name>.tramp.HCI_EXT_DisconnectImmedCmd.1</name>
         <load_address>0x1d768</load_address>
         <run_address>0x1d768</run_address>
         <size>0x8</size>
         <input_file_ref idref="fl-1f"/>
      </object_component>
      <object_component id="oc-5d0">
         <name>.tramp.HCI_EXT_PacketErrorRateCmd.1</name>
         <load_address>0x1d770</load_address>
         <run_address>0x1d770</run_address>
         <size>0x8</size>
         <input_file_ref idref="fl-1f"/>
      </object_component>
      <object_component id="oc-5cf">
         <name>.tramp.HCI_EXT_PERbyChanCmd.1</name>
         <load_address>0x1d778</load_address>
         <run_address>0x1d778</run_address>
         <size>0x8</size>
         <input_file_ref idref="fl-1f"/>
      </object_component>
      <object_component id="oc-5ce">
         <name>.tramp.HCI_EXT_AdvEventNoticeCmd.1</name>
         <load_address>0x1d780</load_address>
         <run_address>0x1d780</run_address>
         <size>0x8</size>
         <input_file_ref idref="fl-1f"/>
      </object_component>
      <object_component id="oc-5cd">
         <name>.tramp.HCI_EXT_SetSlaveLatencyOverrideCmd.1</name>
         <load_address>0x1d788</load_address>
         <run_address>0x1d788</run_address>
         <size>0x8</size>
         <input_file_ref idref="fl-1f"/>
      </object_component>
      <object_component id="oc-5cc">
         <name>.tramp.HCI_EXT_BuildRevisionCmd.1</name>
         <load_address>0x1d790</load_address>
         <run_address>0x1d790</run_address>
         <size>0x8</size>
         <input_file_ref idref="fl-1f"/>
      </object_component>
      <object_component id="oc-5cb">
         <name>.tramp.HCI_EXT_NumComplPktsLimitCmd.1</name>
         <load_address>0x1d798</load_address>
         <run_address>0x1d798</run_address>
         <size>0x8</size>
         <input_file_ref idref="fl-1f"/>
      </object_component>
      <object_component id="oc-5ca">
         <name>.tramp.HCI_DisconnectCmd.1</name>
         <load_address>0x1d7a0</load_address>
         <run_address>0x1d7a0</run_address>
         <size>0x8</size>
         <input_file_ref idref="fl-1f"/>
      </object_component>
      <object_component id="oc-5c9">
         <name>.tramp.llMoveTempTxDataEntries.1</name>
         <load_address>0x1d7a8</load_address>
         <run_address>0x1d7a8</run_address>
         <size>0x8</size>
         <input_file_ref idref="fl-1f"/>
      </object_component>
      <object_component id="oc-5c8">
         <name>.tramp.llSetupVersionIndReq.1</name>
         <load_address>0x1d7b0</load_address>
         <run_address>0x1d7b0</run_address>
         <size>0x8</size>
         <input_file_ref idref="fl-1f"/>
      </object_component>
      <object_component id="oc-5c7">
         <name>.tramp.LL_ReadRemoteVersionInfoCback.1</name>
         <load_address>0x1d7b8</load_address>
         <run_address>0x1d7b8</run_address>
         <size>0x8</size>
         <input_file_ref idref="fl-1f"/>
      </object_component>
      <object_component id="oc-5c6">
         <name>.tramp.llSetupPauseEncRsp.1</name>
         <load_address>0x1d7c0</load_address>
         <run_address>0x1d7c0</run_address>
         <size>0x8</size>
         <input_file_ref idref="fl-1f"/>
      </object_component>
      <object_component id="oc-5c5">
         <name>.tramp.llSetupStartEncRsp.1</name>
         <load_address>0x1d7c8</load_address>
         <run_address>0x1d7c8</run_address>
         <size>0x8</size>
         <input_file_ref idref="fl-1f"/>
      </object_component>
      <object_component id="oc-5c4">
         <name>.tramp.LL_EncChangeCback.1</name>
         <load_address>0x1d7d0</load_address>
         <run_address>0x1d7d0</run_address>
         <size>0x8</size>
         <input_file_ref idref="fl-1f"/>
      </object_component>
      <object_component id="oc-5c3">
         <name>.tramp.LL_EncKeyRefreshCback.1</name>
         <load_address>0x1d7d8</load_address>
         <run_address>0x1d7d8</run_address>
         <size>0x8</size>
         <input_file_ref idref="fl-1f"/>
      </object_component>
      <object_component id="oc-5c2">
         <name>.tramp.LL_ENC_AES128_Encrypt.1</name>
         <load_address>0x1d7e0</load_address>
         <run_address>0x1d7e0</run_address>
         <size>0x8</size>
         <input_file_ref idref="fl-1f"/>
      </object_component>
      <object_component id="oc-5c1">
         <name>.tramp.llSetupStartEncReq.1</name>
         <load_address>0x1d7e8</load_address>
         <run_address>0x1d7e8</run_address>
         <size>0x8</size>
         <input_file_ref idref="fl-1f"/>
      </object_component>
      <object_component id="oc-5c0">
         <name>.tramp.llSetupEncRsp.1</name>
         <load_address>0x1d7f0</load_address>
         <run_address>0x1d7f0</run_address>
         <size>0x8</size>
         <input_file_ref idref="fl-1f"/>
      </object_component>
      <object_component id="oc-5bf">
         <name>.tramp.LL_EncLtkReqCback.1</name>
         <load_address>0x1d7f8</load_address>
         <run_address>0x1d7f8</run_address>
         <size>0x8</size>
         <input_file_ref idref="fl-1f"/>
      </object_component>
      <object_component id="oc-5be">
         <name>.tramp.llSetupUnknownRsp.1</name>
         <load_address>0x1d800</load_address>
         <run_address>0x1d800</run_address>
         <size>0x8</size>
         <input_file_ref idref="fl-1f"/>
      </object_component>
      <object_component id="oc-5bd">
         <name>.tramp.llEventInRange.1</name>
         <load_address>0x1d808</load_address>
         <run_address>0x1d808</run_address>
         <size>0x8</size>
         <input_file_ref idref="fl-1f"/>
      </object_component>
      <object_component id="oc-5bc">
         <name>.tramp.llCheckForLstoDuringSL.1</name>
         <load_address>0x1d810</load_address>
         <run_address>0x1d810</run_address>
         <size>0x8</size>
         <input_file_ref idref="fl-1f"/>
      </object_component>
      <object_component id="oc-5bb">
         <name>.tramp.llConnTerminate.1</name>
         <load_address>0x1d818</load_address>
         <run_address>0x1d818</run_address>
         <size>0x8</size>
         <input_file_ref idref="fl-1f"/>
      </object_component>
      <object_component id="oc-5ba">
         <name>.tramp.HCI_SendDataPkt.1</name>
         <load_address>0x1d820</load_address>
         <run_address>0x1d820</run_address>
         <size>0x8</size>
         <input_file_ref idref="fl-1f"/>
      </object_component>
      <object_component id="oc-5b9">
         <name>.tramp.llGetNumTasks.1</name>
         <load_address>0x1d828</load_address>
         <run_address>0x1d828</run_address>
         <size>0x8</size>
         <input_file_ref idref="fl-1f"/>
      </object_component>
      <object_component id="oc-5b8">
         <name>.tramp.llScheduler.1</name>
         <load_address>0x1d830</load_address>
         <run_address>0x1d830</run_address>
         <size>0x8</size>
         <input_file_ref idref="fl-1f"/>
      </object_component>
      <object_component id="oc-5b7">
         <name>.tramp.llSetupAdv.1</name>
         <load_address>0x1d838</load_address>
         <run_address>0x1d838</run_address>
         <size>0x8</size>
         <input_file_ref idref="fl-1f"/>
      </object_component>
      <object_component id="oc-5b6">
         <name>.tramp.LL_DirectTestEndDoneCback.1</name>
         <load_address>0x1d840</load_address>
         <run_address>0x1d840</run_address>
         <size>0x8</size>
         <input_file_ref idref="fl-1f"/>
      </object_component>
      <object_component id="oc-5b5">
         <name>.tramp.llRfStartFS.1</name>
         <load_address>0x1d848</load_address>
         <run_address>0x1d848</run_address>
         <size>0x8</size>
         <input_file_ref idref="fl-1f"/>
      </object_component>
      <object_component id="oc-5b4">
         <name>.tramp.HCI_DataBufferOverflowEvent.1</name>
         <load_address>0x1d850</load_address>
         <run_address>0x1d850</run_address>
         <size>0x8</size>
         <input_file_ref idref="fl-1f"/>
      </object_component>
      <object_component id="oc-5b3">
         <name>.tramp.llReleaseAllConnId.1</name>
         <load_address>0x1d858</load_address>
         <run_address>0x1d858</run_address>
         <size>0x8</size>
         <input_file_ref idref="fl-1f"/>
      </object_component>
      <object_component id="oc-5b2">
         <name>.tramp.LL_ClearWhiteList.1</name>
         <load_address>0x1d860</load_address>
         <run_address>0x1d860</run_address>
         <size>0x8</size>
         <input_file_ref idref="fl-1f"/>
      </object_component>
      <object_component id="oc-5b1">
         <name>.tramp.LL_ENC_Init.1</name>
         <load_address>0x1d868</load_address>
         <run_address>0x1d868</run_address>
         <size>0x8</size>
         <input_file_ref idref="fl-1f"/>
      </object_component>
      <object_component id="oc-5b0">
         <name>.tramp.WL_Init.1</name>
         <load_address>0x1d870</load_address>
         <run_address>0x1d870</run_address>
         <size>0x8</size>
         <input_file_ref idref="fl-1f"/>
      </object_component>
      <object_component id="oc-5af">
         <name>.tramp.LL_ConnectionCompleteCback.1</name>
         <load_address>0x1d878</load_address>
         <run_address>0x1d878</run_address>
         <size>0x8</size>
         <input_file_ref idref="fl-1f"/>
      </object_component>
      <object_component id="oc-5ae">
         <name>.tramp.LL_ENC_GenerateTrueRandNum.1</name>
         <load_address>0x1d880</load_address>
         <run_address>0x1d880</run_address>
         <size>0x8</size>
         <input_file_ref idref="fl-1f"/>
      </object_component>
      <object_component id="oc-5ad">
         <name>.tramp.llInitRAT.1</name>
         <load_address>0x1d888</load_address>
         <run_address>0x1d888</run_address>
         <size>0x8</size>
         <input_file_ref idref="fl-1f"/>
      </object_component>
      <object_component id="oc-5ac">
         <name>.tramp.llSetupRfHal.1</name>
         <load_address>0x1d890</load_address>
         <run_address>0x1d890</run_address>
         <size>0x8</size>
         <input_file_ref idref="fl-1f"/>
      </object_component>
      <object_component id="oc-5ab">
         <name>.tramp.llSetupMailbox.1</name>
         <load_address>0x1d898</load_address>
         <run_address>0x1d898</run_address>
         <size>0x8</size>
         <input_file_ref idref="fl-1f"/>
      </object_component>
      <object_component id="oc-5aa">
         <name>.tramp.llResetRadio.1</name>
         <load_address>0x1d8a0</load_address>
         <run_address>0x1d8a0</run_address>
         <size>0x8</size>
         <input_file_ref idref="fl-1f"/>
      </object_component>
      <object_component id="oc-5a9">
         <name>.tramp.llSetupRejectInd.1</name>
         <load_address>0x1d8a8</load_address>
         <run_address>0x1d8a8</run_address>
         <size>0x8</size>
         <input_file_ref idref="fl-1f"/>
      </object_component>
      <object_component id="oc-5a8">
         <name>.tramp.WL_FindEntry.1</name>
         <load_address>0x1d8b0</load_address>
         <run_address>0x1d8b0</run_address>
         <size>0x8</size>
         <input_file_ref idref="fl-1f"/>
      </object_component>
      <object_component id="oc-5a7">
         <name>.tramp.llEnqueueCtrlPkt.1</name>
         <load_address>0x1d8b8</load_address>
         <run_address>0x1d8b8</run_address>
         <size>0x8</size>
         <input_file_ref idref="fl-1f"/>
      </object_component>
      <object_component id="oc-5a6">
         <name>.tramp.LL_ConnActive.1</name>
         <load_address>0x1d8c0</load_address>
         <run_address>0x1d8c0</run_address>
         <size>0x8</size>
         <input_file_ref idref="fl-1f"/>
      </object_component>
      <object_component id="oc-5a5">
         <name>.tramp.llHaltRadio.1</name>
         <load_address>0x1d8c8</load_address>
         <run_address>0x1d8c8</run_address>
         <size>0x8</size>
         <input_file_ref idref="fl-1f"/>
      </object_component>
      <object_component id="oc-5a4">
         <name>.tramp.llGetCurrentTask.1</name>
         <load_address>0x1d8d0</load_address>
         <run_address>0x1d8d0</run_address>
         <size>0x8</size>
         <input_file_ref idref="fl-1f"/>
      </object_component>
      <object_component id="oc-5a3">
         <name>.tramp.LL_RX_bm_alloc.1</name>
         <load_address>0x1d8d8</load_address>
         <run_address>0x1d8d8</run_address>
         <size>0x8</size>
         <input_file_ref idref="fl-1f"/>
      </object_component>
      <object_component id="oc-5a2">
         <name>.tramp.HCI_HardwareErrorEvent.1</name>
         <load_address>0x1d8e0</load_address>
         <run_address>0x1d8e0</run_address>
         <size>0x8</size>
         <input_file_ref idref="fl-1f"/>
      </object_component>
      <object_component id="oc-5a1">
         <name>.tramp.HCI_bm_alloc.1</name>
         <load_address>0x1d8e8</load_address>
         <run_address>0x1d8e8</run_address>
         <size>0x8</size>
         <input_file_ref idref="fl-1f"/>
      </object_component>
      <object_component id="oc-5a0">
         <name>.tramp.llWriteTxData.1</name>
         <load_address>0x1d8f0</load_address>
         <run_address>0x1d8f0</run_address>
         <size>0x8</size>
         <input_file_ref idref="fl-1f"/>
      </object_component>
      <object_component id="oc-59f">
         <name>.tramp.llGetCurrentTime.1</name>
         <load_address>0x1d8f8</load_address>
         <run_address>0x1d8f8</run_address>
         <size>0x8</size>
         <input_file_ref idref="fl-1f"/>
      </object_component>
      <object_component id="oc-59e">
         <name>.tramp.llConvertCtrlProcTimeoutToEvent.1</name>
         <load_address>0x1d900</load_address>
         <run_address>0x1d900</run_address>
         <size>0x8</size>
         <input_file_ref idref="fl-1f"/>
      </object_component>
      <object_component id="oc-59d">
         <name>.tramp.llConvertLstoToEvent.1</name>
         <load_address>0x1d908</load_address>
         <run_address>0x1d908</run_address>
         <size>0x8</size>
         <input_file_ref idref="fl-1f"/>
      </object_component>
      <object_component id="oc-59c">
         <name>.tramp.llTimeDelta.1</name>
         <load_address>0x1d910</load_address>
         <run_address>0x1d910</run_address>
         <size>0x8</size>
         <input_file_ref idref="fl-1f"/>
      </object_component>
      <object_component id="oc-59b">
         <name>.tramp.llTimeCompare.1</name>
         <load_address>0x1d918</load_address>
         <run_address>0x1d918</run_address>
         <size>0x8</size>
         <input_file_ref idref="fl-1f"/>
      </object_component>
      <object_component id="oc-59a">
         <name>.tramp.llFreeTask.1</name>
         <load_address>0x1d920</load_address>
         <run_address>0x1d920</run_address>
         <size>0x8</size>
         <input_file_ref idref="fl-1f"/>
      </object_component>
      <object_component id="oc-599">
         <name>.tramp.llReleaseConnId.1</name>
         <load_address>0x1d928</load_address>
         <run_address>0x1d928</run_address>
         <size>0x8</size>
         <input_file_ref idref="fl-1f"/>
      </object_component>
      <object_component id="oc-598">
         <name>.tramp.LL_ENC_Encrypt.1</name>
         <load_address>0x1d930</load_address>
         <run_address>0x1d930</run_address>
         <size>0x8</size>
         <input_file_ref idref="fl-1f"/>
      </object_component>
      <object_component id="oc-597">
         <name>.tramp.LL_TX_bm_alloc.1</name>
         <load_address>0x1d938</load_address>
         <run_address>0x1d938</run_address>
         <size>0x8</size>
         <input_file_ref idref="fl-1f"/>
      </object_component>
      <object_component id="oc-596">
         <name>.tramp.llEventDelta.1</name>
         <load_address>0x1d940</load_address>
         <run_address>0x1d940</run_address>
         <size>0x8</size>
         <input_file_ref idref="fl-1f"/>
      </object_component>
      <object_component id="oc-148">
         <name>.const</name>
         <load_address>0x1d948</load_address>
         <run_address>0x1d948</run_address>
         <size>0x664</size>
         <input_file_ref idref="fl-8"/>
      </object_component>
      <object_component id="oc-138">
         <name>.const</name>
         <load_address>0x1dfac</load_address>
         <run_address>0x1dfac</run_address>
         <size>0x10c</size>
         <input_file_ref idref="fl-5"/>
      </object_component>
      <object_component id="oc-30d">
         <name>.const:tasksArr</name>
         <load_address>0x1e0b8</load_address>
         <run_address>0x1e0b8</run_address>
         <size>0x24</size>
         <input_file_ref idref="fl-7"/>
      </object_component>
      <object_component id="oc-272">
         <name>.rodata</name>
         <load_address>0x1e0dc</load_address>
         <run_address>0x1e0dc</run_address>
         <size>0x5c</size>
         <input_file_ref idref="fl-166"/>
      </object_component>
      <object_component id="oc-565">
         <name>.rodata</name>
         <load_address>0x1e138</load_address>
         <run_address>0x1e138</run_address>
         <size>0x8</size>
         <input_file_ref idref="fl-158"/>
      </object_component>
      <object_component id="oc-540">
         <name>.rodata</name>
         <load_address>0x1e140</load_address>
         <run_address>0x1e140</run_address>
         <size>0x8</size>
         <input_file_ref idref="fl-15c"/>
      </object_component>
      <object_component id="oc-4dc">
         <name>.rodata</name>
         <load_address>0x1e148</load_address>
         <run_address>0x1e148</run_address>
         <size>0x2</size>
         <input_file_ref idref="fl-168"/>
      </object_component>
      <object_component id="oc-593">
         <name>.cinit..data.load</name>
         <load_address>0x1e150</load_address>
         <run_address>0x1e150</run_address>
         <size>0x16e</size>
      </object_component>
      <object_component id="oc-591">
         <name>__TI_handler_table</name>
         <load_address>0x1e2c0</load_address>
         <run_address>0x1e2c0</run_address>
         <size>0xc</size>
      </object_component>
      <object_component id="oc-595">
         <name>.cinit..TI.bound:mbIntCbackTable.load</name>
         <load_address>0x1e2d0</load_address>
         <run_address>0x1e2d0</run_address>
         <size>0x8</size>
      </object_component>
      <object_component id="oc-594">
         <name>.cinit..bss.load</name>
         <load_address>0x1e2d8</load_address>
         <run_address>0x1e2d8</run_address>
         <size>0x8</size>
      </object_component>
      <object_component id="oc-592">
         <name>__TI_cinit_table</name>
         <load_address>0x1e2e0</load_address>
         <run_address>0x1e2e0</run_address>
         <size>0x18</size>
      </object_component>
      <object_component id="oc-26">
         <name>EntrySection</name>
         <load_address>0xf000</load_address>
         <run_address>0xf000</run_address>
         <size>0x2c</size>
         <input_file_ref idref="fl-6"/>
      </object_component>
      <object_component id="oc-53e">
         <name>.bss</name>
         <uninitialized>true</uninitialized>
         <run_address>0x2000487c</run_address>
         <size>0x4</size>
         <input_file_ref idref="fl-14f"/>
      </object_component>
      <object_component id="oc-312">
         <name>.bss</name>
         <uninitialized>true</uninitialized>
         <run_address>0x20004880</run_address>
         <size>0x4</size>
         <input_file_ref idref="fl-151"/>
      </object_component>
      <object_component id="oc-313">
         <name>.bss</name>
         <uninitialized>true</uninitialized>
         <run_address>0x20004884</run_address>
         <size>0x4</size>
         <input_file_ref idref="fl-151"/>
      </object_component>
      <object_component id="oc-51e">
         <name>.bss</name>
         <uninitialized>true</uninitialized>
         <run_address>0x2000488c</run_address>
         <size>0x4</size>
         <input_file_ref idref="fl-153"/>
      </object_component>
      <object_component id="oc-51d">
         <name>.bss</name>
         <uninitialized>true</uninitialized>
         <run_address>0x20004888</run_address>
         <size>0x4</size>
         <input_file_ref idref="fl-153"/>
      </object_component>
      <object_component id="oc-3ec">
         <name>.bss</name>
         <uninitialized>true</uninitialized>
         <run_address>0x20004890</run_address>
         <size>0x4</size>
         <input_file_ref idref="fl-154"/>
      </object_component>
      <object_component id="oc-547">
         <name>.bss</name>
         <uninitialized>true</uninitialized>
         <run_address>0x200048ac</run_address>
         <size>0x2</size>
         <input_file_ref idref="fl-155"/>
      </object_component>
      <object_component id="oc-544">
         <name>.bss</name>
         <uninitialized>true</uninitialized>
         <run_address>0x20004894</run_address>
         <size>0x4</size>
         <input_file_ref idref="fl-158"/>
      </object_component>
      <object_component id="oc-53b">
         <name>.bss</name>
         <uninitialized>true</uninitialized>
         <run_address>0x20004898</run_address>
         <size>0x4</size>
         <input_file_ref idref="fl-159"/>
      </object_component>
      <object_component id="oc-493">
         <name>.bss</name>
         <uninitialized>true</uninitialized>
         <run_address>0x200048ae</run_address>
         <size>0x2</size>
         <input_file_ref idref="fl-15a"/>
      </object_component>
      <object_component id="oc-491">
         <name>.bss</name>
         <uninitialized>true</uninitialized>
         <run_address>0x2000486c</run_address>
         <size>0x8</size>
         <input_file_ref idref="fl-15a"/>
      </object_component>
      <object_component id="oc-49b">
         <name>.bss</name>
         <uninitialized>true</uninitialized>
         <run_address>0x20004848</run_address>
         <size>0xc</size>
         <input_file_ref idref="fl-15c"/>
      </object_component>
      <object_component id="oc-49c">
         <name>.bss</name>
         <uninitialized>true</uninitialized>
         <run_address>0x2000489c</run_address>
         <size>0x4</size>
         <input_file_ref idref="fl-15c"/>
      </object_component>
      <object_component id="oc-49e">
         <name>.bss</name>
         <uninitialized>true</uninitialized>
         <run_address>0x200047e4</run_address>
         <size>0x20</size>
         <input_file_ref idref="fl-15c"/>
      </object_component>
      <object_component id="oc-50a">
         <name>.bss</name>
         <uninitialized>true</uninitialized>
         <run_address>0x20004838</run_address>
         <size>0x10</size>
         <input_file_ref idref="fl-15e"/>
      </object_component>
      <object_component id="oc-51c">
         <name>.bss</name>
         <uninitialized>true</uninitialized>
         <run_address>0x200048b2</run_address>
         <size>0x1</size>
         <input_file_ref idref="fl-160"/>
      </object_component>
      <object_component id="oc-38b">
         <name>.bss</name>
         <uninitialized>true</uninitialized>
         <run_address>0x200047b4</run_address>
         <size>0x30</size>
         <input_file_ref idref="fl-161"/>
      </object_component>
      <object_component id="oc-519">
         <name>.bss</name>
         <uninitialized>true</uninitialized>
         <run_address>0x200048b3</run_address>
         <size>0x1</size>
         <input_file_ref idref="fl-162"/>
      </object_component>
      <object_component id="oc-51a">
         <name>.bss</name>
         <uninitialized>true</uninitialized>
         <run_address>0x200048b4</run_address>
         <size>0x1</size>
         <input_file_ref idref="fl-162"/>
      </object_component>
      <object_component id="oc-38c">
         <name>.bss</name>
         <uninitialized>true</uninitialized>
         <run_address>0x2000477c</run_address>
         <size>0x38</size>
         <input_file_ref idref="fl-163"/>
      </object_component>
      <object_component id="oc-50b">
         <name>.bss</name>
         <uninitialized>true</uninitialized>
         <run_address>0x200048b5</run_address>
         <size>0x1</size>
         <input_file_ref idref="fl-165"/>
      </object_component>
      <object_component id="oc-311">
         <name>.bss</name>
         <uninitialized>true</uninitialized>
         <run_address>0x20004804</run_address>
         <size>0x1c</size>
         <input_file_ref idref="fl-168"/>
      </object_component>
      <object_component id="oc-50d">
         <name>.bss</name>
         <uninitialized>true</uninitialized>
         <run_address>0x200048b0</run_address>
         <size>0x2</size>
         <input_file_ref idref="fl-16a"/>
      </object_component>
      <object_component id="oc-504">
         <name>.bss</name>
         <uninitialized>true</uninitialized>
         <run_address>0x20004820</run_address>
         <size>0x18</size>
         <input_file_ref idref="fl-16b"/>
      </object_component>
      <object_component id="oc-505">
         <name>.bss</name>
         <uninitialized>true</uninitialized>
         <run_address>0x200048b6</run_address>
         <size>0x1</size>
         <input_file_ref idref="fl-16b"/>
      </object_component>
      <object_component id="oc-520">
         <name>.bss</name>
         <uninitialized>true</uninitialized>
         <run_address>0x200048a0</run_address>
         <size>0x4</size>
         <input_file_ref idref="fl-16c"/>
      </object_component>
      <object_component id="oc-40d">
         <name>.bss</name>
         <uninitialized>true</uninitialized>
         <run_address>0x20004854</run_address>
         <size>0xc</size>
         <input_file_ref idref="fl-16d"/>
      </object_component>
      <object_component id="oc-40c">
         <name>.bss</name>
         <uninitialized>true</uninitialized>
         <run_address>0x200048b7</run_address>
         <size>0x1</size>
         <input_file_ref idref="fl-16f"/>
      </object_component>
      <object_component id="oc-26d">
         <name>.bss</name>
         <uninitialized>true</uninitialized>
         <run_address>0x200048b8</run_address>
         <size>0x1</size>
         <input_file_ref idref="fl-171"/>
      </object_component>
      <object_component id="oc-271">
         <name>.bss</name>
         <uninitialized>true</uninitialized>
         <run_address>0x200048bc</run_address>
         <size>0x1</size>
         <input_file_ref idref="fl-171"/>
      </object_component>
      <object_component id="oc-26f">
         <name>.bss</name>
         <uninitialized>true</uninitialized>
         <run_address>0x200048ba</run_address>
         <size>0x1</size>
         <input_file_ref idref="fl-171"/>
      </object_component>
      <object_component id="oc-26e">
         <name>.bss</name>
         <uninitialized>true</uninitialized>
         <run_address>0x200048b9</run_address>
         <size>0x1</size>
         <input_file_ref idref="fl-171"/>
      </object_component>
      <object_component id="oc-270">
         <name>.bss</name>
         <uninitialized>true</uninitialized>
         <run_address>0x200048bb</run_address>
         <size>0x1</size>
         <input_file_ref idref="fl-171"/>
      </object_component>
      <object_component id="oc-314">
         <name>.bss</name>
         <uninitialized>true</uninitialized>
         <run_address>0x200048bd</run_address>
         <size>0x1</size>
         <input_file_ref idref="fl-171"/>
      </object_component>
      <object_component id="oc-5f">
         <name>.bss</name>
         <uninitialized>true</uninitialized>
         <run_address>0x20004860</run_address>
         <size>0xc</size>
         <input_file_ref idref="fl-6"/>
      </object_component>
      <object_component id="oc-4f4">
         <name>.bss</name>
         <uninitialized>true</uninitialized>
         <run_address>0x20004874</run_address>
         <size>0x8</size>
         <input_file_ref idref="fl-11"/>
      </object_component>
      <object_component id="oc-4d3">
         <name>.bss</name>
         <uninitialized>true</uninitialized>
         <run_address>0x20004740</run_address>
         <size>0x3c</size>
         <input_file_ref idref="fl-16"/>
      </object_component>
      <object_component id="oc-501">
         <name>.common:lastTrngVal$22</name>
         <uninitialized>true</uninitialized>
         <run_address>0x200048a4</run_address>
         <size>0x4</size>
      </object_component>
      <object_component id="oc-1ef">
         <name>.common:tasksEvents</name>
         <uninitialized>true</uninitialized>
         <run_address>0x200048a8</run_address>
         <size>0x4</size>
      </object_component>
      <object_component id="oc-3ea">
         <name>.data</name>
         <load_address>0x20004648</load_address>
         <run_address>0x20004648</run_address>
         <size>0x2c</size>
         <input_file_ref idref="fl-152"/>
      </object_component>
      <object_component id="oc-51f">
         <name>.data</name>
         <load_address>0x2000454c</load_address>
         <run_address>0x2000454c</run_address>
         <size>0x50</size>
         <input_file_ref idref="fl-152"/>
      </object_component>
      <object_component id="oc-3eb">
         <name>.data</name>
         <load_address>0x20004698</load_address>
         <run_address>0x20004698</run_address>
         <size>0x1c</size>
         <input_file_ref idref="fl-154"/>
      </object_component>
      <object_component id="oc-546">
         <name>.data</name>
         <load_address>0x200046b4</load_address>
         <run_address>0x200046b4</run_address>
         <size>0x1c</size>
         <input_file_ref idref="fl-155"/>
      </object_component>
      <object_component id="oc-548">
         <name>.data</name>
         <load_address>0x20004728</load_address>
         <run_address>0x20004728</run_address>
         <size>0x4</size>
         <input_file_ref idref="fl-156"/>
      </object_component>
      <object_component id="oc-3e9">
         <name>.data</name>
         <load_address>0x200046f4</load_address>
         <run_address>0x200046f4</run_address>
         <size>0xc</size>
         <input_file_ref idref="fl-157"/>
      </object_component>
      <object_component id="oc-566">
         <name>.data</name>
         <load_address>0x20004736</load_address>
         <run_address>0x20004736</run_address>
         <size>0x1</size>
         <input_file_ref idref="fl-158"/>
      </object_component>
      <object_component id="oc-542">
         <name>.data</name>
         <load_address>0x20004674</load_address>
         <run_address>0x20004674</run_address>
         <size>0x24</size>
         <input_file_ref idref="fl-158"/>
      </object_component>
      <object_component id="oc-567">
         <name>.data</name>
         <load_address>0x20004737</load_address>
         <run_address>0x20004737</run_address>
         <size>0x1</size>
         <input_file_ref idref="fl-158"/>
      </object_component>
      <object_component id="oc-568">
         <name>.data</name>
         <load_address>0x20004738</load_address>
         <run_address>0x20004738</run_address>
         <size>0x1</size>
         <input_file_ref idref="fl-158"/>
      </object_component>
      <object_component id="oc-543">
         <name>.data</name>
         <load_address>0x200044dc</load_address>
         <run_address>0x200044dc</run_address>
         <size>0x70</size>
         <input_file_ref idref="fl-158"/>
      </object_component>
      <object_component id="oc-53d">
         <name>.data</name>
         <load_address>0x20004739</load_address>
         <run_address>0x20004739</run_address>
         <size>0x1</size>
         <input_file_ref idref="fl-159"/>
      </object_component>
      <object_component id="oc-53c">
         <name>.data</name>
         <load_address>0x20004718</load_address>
         <run_address>0x20004718</run_address>
         <size>0x8</size>
         <input_file_ref idref="fl-159"/>
      </object_component>
      <object_component id="oc-492">
         <name>.data</name>
         <load_address>0x2000473a</load_address>
         <run_address>0x2000473a</run_address>
         <size>0x1</size>
         <input_file_ref idref="fl-15a"/>
      </object_component>
      <object_component id="oc-49a">
         <name>.data</name>
         <load_address>0x2000473b</load_address>
         <run_address>0x2000473b</run_address>
         <size>0x1</size>
         <input_file_ref idref="fl-15c"/>
      </object_component>
      <object_component id="oc-541">
         <name>.data</name>
         <load_address>0x2000473c</load_address>
         <run_address>0x2000473c</run_address>
         <size>0x1</size>
         <input_file_ref idref="fl-15c"/>
      </object_component>
      <object_component id="oc-49d">
         <name>.data</name>
         <load_address>0x2000459c</load_address>
         <run_address>0x2000459c</run_address>
         <size>0x40</size>
         <input_file_ref idref="fl-15c"/>
      </object_component>
      <object_component id="oc-38a">
         <name>.data</name>
         <load_address>0x200046d0</load_address>
         <run_address>0x200046d0</run_address>
         <size>0x14</size>
[...]
         <value>0x200048b8</value>
         <object_component_ref idref="oc-26d"/>
      </symbol>
      <symbol id="sm-fc5">
         <name>hciTestTaskID</name>
         <value>0x200048bc</value>
         <object_component_ref idref="oc-271"/>
      </symbol>
      <symbol id="sm-fdc">
         <name>NOROM_CPUcpsie</name>
         <value>0x1d597</value>
         <object_component_ref idref="oc-142"/>
      </symbol>
      <symbol id="sm-fdd">
         <name>NOROM_CPUcpsid</name>
         <value>0x1d58b</value>
         <object_component_ref idref="oc-13c"/>
      </symbol>
      <symbol id="sm-148c">
         <name>tasksEvents</name>
         <value>0x200048a8</value>
      </symbol>
      <symbol id="sm-148d">
         <name>osalTimerUpdate</name>
         <value>0x1bf39</value>
         <object_component_ref idref="oc-229"/>
      </symbol>
      <symbol id="sm-148e">
         <name>osal_CbTimerInit</name>
         <value>0x1c0bf</value>
         <object_component_ref idref="oc-188"/>
      </symbol>
      <symbol id="sm-148f">
         <name>osal_build_uint32</name>
         <value>0x15c27</value>
         <object_component_ref idref="oc-152"/>
      </symbol>
      <symbol id="sm-1490">
         <name>osal_msg_extract</name>
         <value>0x15571</value>
         <object_component_ref idref="oc-152"/>
      </symbol>
      <symbol id="sm-1491">
         <name>osal_CbTimerStop</name>
         <value>0x1c135</value>
         <object_component_ref idref="oc-188"/>
      </symbol>
      <symbol id="sm-1492">
         <name>osal_buffer_uint32</name>
         <value>0x15c55</value>
         <object_component_ref idref="oc-152"/>
      </symbol>
      <symbol id="sm-1493">
         <name>MB_ClearInts</name>
         <value>0x1ad1d</value>
         <object_component_ref idref="oc-219"/>
      </symbol>
      <symbol id="sm-1494">
         <name>__TI_decompress_rle24</name>
         <value>0x1d5b9</value>
         <object_component_ref idref="oc-1a"/>
      </symbol>
      <symbol id="sm-1495">
         <name>CommonROM_Init</name>
         <value>0x1d4e1</value>
         <object_component_ref idref="oc-4d"/>
      </symbol>
      <symbol id="sm-1496">
         <name>osalDeleteTimer</name>
         <value>0x1be07</value>
         <object_component_ref idref="oc-229"/>
      </symbol>
      <symbol id="sm-1497">
         <name>osal_set_event</name>
         <value>0x15733</value>
         <object_component_ref idref="oc-152"/>
      </symbol>
      <symbol id="sm-1498">
         <name>osal_start_reload_timer</name>
         <value>0x1bedb</value>
         <object_component_ref idref="oc-229"/>
      </symbol>
      <symbol id="sm-1499">
         <name>baseTaskID</name>
         <value>0x20004460</value>
         <object_component_ref idref="oc-315"/>
      </symbol>
      <symbol id="sm-149a">
         <name>strlen</name>
         <value>0x1d54f</value>
         <object_component_ref idref="oc-307"/>
      </symbol>
      <symbol id="sm-149b">
         <name>osal_snv_init</name>
         <value>0x1d5b7</value>
         <object_component_ref idref="oc-4ad"/>
      </symbol>
      <symbol id="sm-149c">
         <name>osal_memcmp</name>
         <value>0x15bed</value>
         <object_component_ref idref="oc-152"/>
      </symbol>
      <symbol id="sm-149d">
         <name>tasksArr</name>
         <value>0x1e0b8</value>
         <object_component_ref idref="oc-30d"/>
      </symbol>
      <symbol id="sm-149e">
         <name>MB_DisableInts</name>
         <value>0x1ace1</value>
         <object_component_ref idref="oc-219"/>
      </symbol>
      <symbol id="sm-149f">
         <name>copy_in</name>
         <value>0x1d40d</value>
         <object_component_ref idref="oc-12b"/>
      </symbol>
      <symbol id="sm-14a0">
         <name>osal_init_system</name>
         <value>0x1592f</value>
         <object_component_ref idref="oc-152"/>
      </symbol>
      <symbol id="sm-14a1">
         <name>osal_msg_enqueue</name>
         <value>0x15605</value>
         <object_component_ref idref="oc-152"/>
      </symbol>
      <symbol id="sm-14a2">
         <name>osal_pwrmgr_init</name>
         <value>0x1cfad</value>
         <object_component_ref idref="oc-223"/>
      </symbol>
      <symbol id="sm-14a3">
         <name>ROM_Init</name>
         <value>0x1d323</value>
         <object_component_ref idref="oc-53"/>
      </symbol>
      <symbol id="sm-14a4">
         <name>osal_msg_push</name>
         <value>0x15635</value>
         <object_component_ref idref="oc-152"/>
      </symbol>
      <symbol id="sm-14a5">
         <name>MB_SendCommand</name>
         <value>0x1ad85</value>
         <object_component_ref idref="oc-219"/>
      </symbol>
      <symbol id="sm-14a6">
         <name>mbIntCbackTable</name>
         <value>0x20004fec</value>
         <object_component_ref idref="oc-4ec"/>
      </symbol>
      <symbol id="sm-14a7">
         <name>osal_semaphore</name>
         <value>0x2000461c</value>
         <object_component_ref idref="oc-1f0"/>
      </symbol>
      <symbol id="sm-14a8">
         <name>osal_eventloop_hook</name>
         <value>0x20004624</value>
         <object_component_ref idref="oc-1f0"/>
      </symbol>
      <symbol id="sm-14a9">
         <name>mbCpe1Isr</name>
         <value>0x1aeff</value>
         <object_component_ref idref="oc-219"/>
      </symbol>
      <symbol id="sm-14aa">
         <name>osal_start_timerEx</name>
         <value>0x1be37</value>
         <object_component_ref idref="oc-229"/>
      </symbol>
      <symbol id="sm-14ab">
         <name>ICall_dispatcher</name>
         <value>0x20004860</value>
         <object_component_ref idref="oc-5f"/>
      </symbol>
      <symbol id="sm-14ac">
         <name>osal_enroll_dispatchid</name>
         <value>0x158c7</value>
         <object_component_ref idref="oc-152"/>
      </symbol>
      <symbol id="sm-14ad">
         <name>osal_stop_timerEx</name>
         <value>0x1be67</value>
         <object_component_ref idref="oc-229"/>
      </symbol>
      <symbol id="sm-14ae">
         <name>HalTRNG_GetTRNG</name>
         <value>0x1d375</value>
         <object_component_ref idref="oc-241"/>
      </symbol>
      <symbol id="sm-14af">
         <name>bleDispatch_BMFree</name>
         <value>0x154cb</value>
         <object_component_ref idref="oc-1e3"/>
      </symbol>
      <symbol id="sm-14b0">
         <name>halAssertHandler</name>
         <value>0x1433b</value>
         <object_component_ref idref="oc-213"/>
      </symbol>
      <symbol id="sm-14b1">
         <name>osal_bm_alloc</name>
         <value>0x1ccbd</value>
         <object_component_ref idref="oc-20d"/>
      </symbol>
      <symbol id="sm-14b2">
         <name>osal_msg_send</name>
         <value>0x156ad</value>
         <object_component_ref idref="oc-152"/>
      </symbol>
      <symbol id="sm-14b3">
         <name>stack_main</name>
         <value>0x1ca51</value>
         <object_component_ref idref="oc-59"/>
      </symbol>
      <symbol id="sm-14b4">
         <name>__TI_zero_init</name>
         <value>0x1d5a3</value>
         <object_component_ref idref="oc-20"/>
      </symbol>
      <symbol id="sm-14b5">
         <name>Onboard_soft_reset</name>
         <value>0x1d563</value>
         <object_component_ref idref="oc-22f"/>
      </symbol>
      <symbol id="sm-14b6">
         <name>mbHwIsr</name>
         <value>0x1af27</value>
         <object_component_ref idref="oc-219"/>
      </symbol>
      <symbol id="sm-14b7">
         <name>R2F_Flash_JT</name>
         <value>0x1d948</value>
         <object_component_ref idref="oc-148"/>
      </symbol>
      <symbol id="sm-14b8">
         <name>R2R_Flash_JT</name>
         <value>0x1d9e4</value>
         <object_component_ref idref="oc-148"/>
      </symbol>
      <symbol id="sm-14b9">
         <name>osal_bm_free</name>
         <value>0x1cced</value>
         <object_component_ref idref="oc-20d"/>
      </symbol>
      <symbol id="sm-14ba">
         <name>OSAL_timeSeconds</name>
         <value>0x20004724</value>
         <object_component_ref idref="oc-510"/>
      </symbol>
      <symbol id="sm-14bb">
         <name>osal_msg_receive</name>
         <value>0x155a5</value>
         <object_component_ref idref="oc-152"/>
      </symbol>
      <symbol id="sm-14bc">
         <name>osal_mem_alloc</name>
         <value>0x1d475</value>
         <object_component_ref idref="oc-14c"/>
      </symbol>
      <symbol id="sm-14bd">
         <name>ROM_Spinlock</name>
         <value>0x1d2ed</value>
         <object_component_ref idref="oc-53"/>
      </symbol>
      <symbol id="sm-14be">
         <name>GATTServApp_WriteCharCfg</name>
         <value>0x1cbcf</value>
         <object_component_ref idref="oc-494"/>
      </symbol>
      <symbol id="sm-14bf">
         <name>NOROM_IntEnable</name>
         <value>0x1d135</value>
         <object_component_ref idref="oc-235"/>
      </symbol>
      <symbol id="sm-14c0">
         <name>pwrmgr_attribute</name>
         <value>0x2000472e</value>
         <object_component_ref idref="oc-4f0"/>
      </symbol>
      <symbol id="sm-14c1">
         <name>osalAddTimer</name>
         <value>0x1be97</value>
         <object_component_ref idref="oc-229"/>
      </symbol>
      <symbol id="sm-14c2">
         <name>osal_snv_write</name>
         <value>0x1d5af</value>
         <object_component_ref idref="oc-4ad"/>
      </symbol>
      <symbol id="sm-14c3">
         <name>osalFindTimer</name>
         <value>0x1bded</value>
         <object_component_ref idref="oc-229"/>
      </symbol>
      <symbol id="sm-14c4">
         <name>mbCpe0Isr</name>
         <value>0x1aed9</value>
         <object_component_ref idref="oc-219"/>
      </symbol>
      <symbol id="sm-14c5">
         <name>MB_Init</name>
         <value>0x1ac23</value>
         <object_component_ref idref="oc-219"/>
      </symbol>
      <symbol id="sm-14c6">
         <name>rspBuf</name>
         <value>0x20004741</value>
         <object_component_ref idref="oc-4d3"/>
      </symbol>
      <symbol id="sm-14c7">
         <name>osal_strlen</name>
         <value>0x15ba3</value>
         <object_component_ref idref="oc-152"/>
      </symbol>
      <symbol id="sm-14c8">
         <name>osal_memset</name>
         <value>0x15555</value>
         <object_component_ref idref="oc-152"/>
      </symbol>
      <symbol id="sm-14c9">
         <name>osal_rand</name>
         <value>0x1d565</value>
         <object_component_ref idref="oc-22f"/>
      </symbol>
      <symbol id="sm-14ca">
         <name>bleDispatch_TaskID</name>
         <value>0x20004740</value>
         <object_component_ref idref="oc-4d3"/>
      </symbol>
      <symbol id="sm-14cb">
         <name>osal_revmemcpy</name>
         <value>0x15ba7</value>
         <object_component_ref idref="oc-152"/>
      </symbol>
      <symbol id="sm-14cc">
         <name>osal_msg_allocate</name>
         <value>0x154f5</value>
         <object_component_ref idref="oc-152"/>
      </symbol>
      <symbol id="sm-14cd">
         <name>startup_entry</name>
         <value>0xf001</value>
         <object_component_ref idref="oc-26"/>
      </symbol>
      <symbol id="sm-14ce">
         <name>osal_pwrmgr_task_state</name>
         <value>0x1cf4d</value>
         <object_component_ref idref="oc-223"/>
      </symbol>
      <symbol id="sm-14cf">
         <name>osal_bm_adjust_header</name>
         <value>0x1cc95</value>
         <object_component_ref idref="oc-20d"/>
      </symbol>
      <symbol id="sm-14d0">
         <name>osal_last_timestamp</name>
         <value>0x20004628</value>
         <object_component_ref idref="oc-1f0"/>
      </symbol>
      <symbol id="sm-14d1">
         <name>osal_memcpy</name>
         <value>0x15559</value>
         <object_component_ref idref="oc-152"/>
      </symbol>
      <symbol id="sm-14d2">
         <name>Onboard_rand</name>
         <value>0x1d565</value>
         <object_component_ref idref="oc-22f"/>
      </symbol>
      <symbol id="sm-14d3">
         <name>osal_entity</name>
         <value>0x2000461a</value>
         <object_component_ref idref="oc-1f0"/>
      </symbol>
      <symbol id="sm-14d4">
         <name>osal_mem_free</name>
         <value>0x1d459</value>
         <object_component_ref idref="oc-14c"/>
      </symbol>
      <symbol id="sm-14d5">
         <name>cbTimers</name>
         <value>0x20004464</value>
         <object_component_ref idref="oc-315"/>
      </symbol>
      <symbol id="sm-14d6">
         <name>osal_max_msecs</name>
         <value>0x20004630</value>
         <object_component_ref idref="oc-1f0"/>
      </symbol>
      <symbol id="sm-14d7">
         <name>MB_SendCommandSynch</name>
         <value>0x1adf9</value>
         <object_component_ref idref="oc-219"/>
      </symbol>
      <symbol id="sm-14d8">
         <name>osal_isbufset</name>
         <value>0x15c0d</value>
         <object_component_ref idref="oc-152"/>
      </symbol>
      <symbol id="sm-14d9">
         <name>MB_EnableInts</name>
         <value>0x1ac81</value>
         <object_component_ref idref="oc-219"/>
      </symbol>
      <symbol id="sm-14da">
         <name>R2F_Flash_JT_CommonROM</name>
         <value>0x1dfac</value>
         <object_component_ref idref="oc-138"/>
      </symbol>
      <symbol id="sm-14db">
         <name>pwrmgr_initialized</name>
         <value>0x2000472c</value>
         <object_component_ref idref="oc-4f0"/>
      </symbol>
      <symbol id="sm-14dc">
         <name>GATTServApp_ReadCharCfg</name>
         <value>0x1cbbf</value>
         <object_component_ref idref="oc-494"/>
      </symbol>
      <symbol id="sm-14dd">
         <name>osal_tickperiod</name>
         <value>0x2000462c</value>
         <object_component_ref idref="oc-1f0"/>
      </symbol>
      <symbol id="sm-14de">
         <name>bleDispatch_ProcessEvent</name>
         <value>0x1543f</value>
         <object_component_ref idref="oc-1e3"/>
      </symbol>
      <symbol id="sm-14df">
         <name>osal_enroll_senderid</name>
         <value>0x158d3</value>
         <object_component_ref idref="oc-152"/>
      </symbol>
      <symbol id="sm-14e0">
         <name>osal_CbTimerUpdate</name>
         <value>0x1c0d7</value>
         <object_component_ref idref="oc-188"/>
      </symbol>
      <symbol id="sm-14e1">
         <name>setBleUserConfig</name>
         <value>0x1d3b9</value>
         <object_component_ref idref="oc-1e9"/>
      </symbol>
      <symbol id="sm-14e2">
         <name>osal_CbTimerProcessEvent</name>
         <value>0x1c035</value>
         <object_component_ref idref="oc-188"/>
      </symbol>
      <symbol id="sm-14e3">
         <name>osalTimerInit</name>
         <value>0x1bf11</value>
         <object_component_ref idref="oc-229"/>
      </symbol>
      <symbol id="sm-14e4">
         <name>osal_self</name>
         <value>0x15519</value>
         <object_component_ref idref="oc-152"/>
      </symbol>
      <symbol id="sm-14e5">
         <name>osalInitTasks</name>
         <value>0x1c9db</value>
         <object_component_ref idref="oc-59"/>
      </symbol>
      <symbol id="sm-14e6">
         <name>osal_clear_event</name>
         <value>0x157c7</value>
         <object_component_ref idref="oc-152"/>
      </symbol>
      <symbol id="sm-14e7">
         <name>osal_snv_read</name>
         <value>0x1d5b3</value>
         <object_component_ref idref="oc-4ad"/>
      </symbol>
      <symbol id="sm-14e8">
         <name>ICall_leaveCriticalSection</name>
         <value>0x20004868</value>
         <object_component_ref idref="oc-5f"/>
      </symbol>
      <symbol id="sm-14e9">
         <name>NOROM_IntDisable</name>
         <value>0x1d0bd</value>
         <object_component_ref idref="oc-23b"/>
      </symbol>
      <symbol id="sm-14ea">
         <name>MB_EnableHWInts</name>
         <value>0x1ad53</value>
         <object_component_ref idref="oc-219"/>
      </symbol>
      <symbol id="sm-14eb">
         <name>bleDispatch_BMAlloc</name>
         <value>0x1549f</value>
         <object_component_ref idref="oc-1e3"/>
      </symbol>
      <symbol id="sm-14ec">
         <name>ICall_enterCriticalSection</name>
         <value>0x20004864</value>
         <object_component_ref idref="oc-5f"/>
      </symbol>
      <symbol id="sm-14ed">
         <name>GATTServApp_ProcessCCCWriteReq</name>
         <value>0x1cbf7</value>
         <object_component_ref idref="oc-494"/>
      </symbol>
      <symbol id="sm-14ee">
         <name>R2R_Flash_JT_CommonROM</name>
         <value>0x1dfc4</value>
         <object_component_ref idref="oc-138"/>
      </symbol>
      <symbol id="sm-14ef">
         <name>HalTRNG_InitTRNG</name>
         <value>0x1d355</value>
         <object_component_ref idref="oc-241"/>
      </symbol>
      <symbol id="sm-14f0">
         <name>osal_qHead</name>
         <value>0x20004620</value>
         <object_component_ref idref="oc-1f0"/>
      </symbol>
      <symbol id="sm-14f1">
         <name>osal_service_entry</name>
         <value>0x15837</value>
         <object_component_ref idref="oc-152"/>
      </symbol>
      <symbol id="sm-14f2">
         <name>osal_next_timeout</name>
         <value>0x1bf19</value>
         <object_component_ref idref="oc-229"/>
      </symbol>
      <symbol id="sm-14f3">
         <name>GAP_DeviceInit</name>
         <value>0x1d4a1</value>
         <object_component_ref idref="oc-4d6"/>
      </symbol>
      <symbol id="sm-14f4">
         <name>osal_get_timeoutEx</name>
         <value>0x1be0f</value>
         <object_component_ref idref="oc-229"/>
      </symbol>
      <symbol id="sm-14f5">
         <name>osal_msg_deallocate</name>
         <value>0x1551f</value>
         <object_component_ref idref="oc-152"/>
      </symbol>
      <symbol id="sm-14f6">
         <name>osal_CbTimerStart</name>
         <value>0x1c20d</value>
         <object_component_ref idref="oc-188"/>
      </symbol>
      <symbol id="sm-14f7">
         <name>osal_run_system</name>
         <value>0x15a3d</value>
         <object_component_ref idref="oc-152"/>
      </symbol>
      <symbol id="sm-14f8">
         <name>osal_memdup</name>
         <value>0x15bc9</value>
         <object_component_ref idref="oc-152"/>
      </symbol>
      <symbol id="sm-14f9">
         <name>mbCmdAckIsr</name>
         <value>0x1aec3</value>
         <object_component_ref idref="oc-219"/>
      </symbol>
      <symbol id="sm-14fa">
         <name>osal_start_system</name>
         <value>0x15b89</value>
         <object_component_ref idref="oc-152"/>
      </symbol>
      <symbol id="sm-14fb">
         <name>osalAdjustTimer</name>
         <value>0x1d2bd</value>
         <object_component_ref idref="oc-301"/>
      </symbol>
      <symbol id="sm-14fc">
         <name>GATTServApp_InitCharCfg</name>
         <value>0x1cc43</value>
         <object_component_ref idref="oc-494"/>
      </symbol>
      <symbol id="sm-14fd">
         <name>__TI_decompress_none</name>
         <value>0x1d57d</value>
         <object_component_ref idref="oc-14"/>
      </symbol>
      <symbol id="sm-14fe">
         <name>NOROM_TRNGConfigure</name>
         <value>0x1d511</value>
         <object_component_ref idref="oc-4fb"/>
      </symbol>
      <symbol id="sm-14ff">
         <name>timerHead</name>
         <value>0x20004874</value>
         <object_component_ref idref="oc-4f4"/>
      </symbol>
      <symbol id="sm-1500">
         <name>bleDispatch_Init</name>
         <value>0x154e3</value>
         <object_component_ref idref="oc-1e3"/>
      </symbol>
      <symbol id="sm-1501">
         <name>__TI_static_base__</name>
         <value>0x1e150</value>
      </symbol>
      <symbol id="sm-1506">
         <name>SHT$$INIT_ARRAY$$Limit</name>
         <value>0x0</value>
      </symbol>
      <symbol id="sm-1507">
         <name>SHT$$INIT_ARRAY$$Base</name>
         <value>0x0</value>
      </symbol>
   </symbol_table>
   <title>Link successful</title>
</link_info>
